<html>
<body>
<pre>
<h1>µVision Build Log</h1>
<h2>Project:</h2>
E:\Project\NAD\C368\NAD_C358_RTOS\Rock700AMP.uvproj
Project File Date:  09/09/2015

<h2>Output:</h2>
Build target 'NAD_C358'
compiling System_Task.c...
Task\System_Task.c(270): warning:  #188-D: enumerated type mixed with another type
Task\System_Task.c(270): warning:  #188-D: enumerated type mixed with another type
Task\System_Task.c(24): warning:  #177-D: variable "protect_name" was declared but never referenced
Task\System_Task.c(36): warning:  #177-D: function "sys_audio_config_load" was declared but never referenced
Task\System_Task.c(37): warning:  #177-D: function "sys_bled_flash" was declared but never referenced
Task\System_Task.c(38): warning:  #177-D: function "power_on_timeout" was declared but never referenced
linking...
Program Size: Code=22990 RO-data=3806 RW-data=220 ZI-data=52332  
".\build\NAD_C358.axf" - 0 Errors, 6 Warning(s).
Build target 'NAD_C358'
linking...
Program Size: Code=22990 RO-data=3806 RW-data=220 ZI-data=52332  
".\build\NAD_C358.axf" - 0 Errors, 0 Warning(s).
Load "E:\\Project\\NAD\\C368\\NAD_C358_RTOS\\build\\NAD_C358.axf" 
Load "E:\\Project\\NAD\\C368\\NAD_C358_RTOS\\build\\NAD_C358.axf" 
* JLink Info: Device "UNSPECIFIED" selected (0 KB flash, 0 KB RAM).
Set JLink Project File to "E:\Project\NAD\C368\NAD_C358_RTOS\JLinkSettings.ini"
* JLink Info: Device "UNSPECIFIED" selected (0 KB flash, 0 KB RAM).
 
JLink info:
------------
DLL: V4.68a, compiled Apr 12 2013 13:26:50
Firmware: J-Link ARM V7 compiled Jun 20 2012 19:45:53
Hardware: V7.00
Feature(s) : RDI, FlashBP, FlashDL, JFlash, GDBFULL 
 
* JLink Info: Found SWD-DP with ID 0x2BA01477
* JLink Info: TPIU fitted.
* JLink Info: ETM fitted.
* JLink Info: FPUnit: 6 code (BP) slots and 2 literal slots
* JLink Info: Found Cortex-M4 r0p1, Little endian.
ROMTableAddr = 0xE00FF003
 
Target info:
------------
Device: TM4C1290NCZAD
VTarget = 3.254V
State of Pins: 
TCK: 0, TDI: 1, TDO: 0, TMS: 0, TRES: 0, TRST: 1
Hardware-Breakpoints: 6
Software-Breakpoints: 8192
Watchpoints:          4
JTAG speed: 2000 kHz
 
Erase Done.
Programming Done.
Verify OK.
Application running ...
Build target 'NAD_C358'
compiling System_Task.c...
Task\System_Task.c(270): warning:  #188-D: enumerated type mixed with another type
Task\System_Task.c(270): warning:  #188-D: enumerated type mixed with another type
Task\System_Task.c(24): warning:  #177-D: variable "protect_name" was declared but never referenced
Task\System_Task.c(36): warning:  #177-D: function "sys_audio_config_load" was declared but never referenced
Task\System_Task.c(37): warning:  #177-D: function "sys_bled_flash" was declared but never referenced
Task\System_Task.c(38): warning:  #177-D: function "power_on_timeout" was declared but never referenced
linking...
Program Size: Code=22998 RO-data=3806 RW-data=220 ZI-data=52332  
".\build\NAD_C358.axf" - 0 Errors, 6 Warning(s).
Load "E:\\Project\\NAD\\C368\\NAD_C358_RTOS\\build\\NAD_C358.axf" 
* JLink Info: Device "UNSPECIFIED" selected (0 KB flash, 0 KB RAM).
Set JLink Project File to "E:\Project\NAD\C368\NAD_C358_RTOS\JLinkSettings.ini"
* JLink Info: Device "UNSPECIFIED" selected (0 KB flash, 0 KB RAM).
 
JLink info:
------------
DLL: V4.68a, compiled Apr 12 2013 13:26:50
Firmware: J-Link ARM V7 compiled Jun 20 2012 19:45:53
Hardware: V7.00
Feature(s) : RDI, FlashBP, FlashDL, JFlash, GDBFULL 
 
* JLink Info: Found SWD-DP with ID 0x2BA01477
* JLink Info: TPIU fitted.
* JLink Info: ETM fitted.
* JLink Info: FPUnit: 6 code (BP) slots and 2 literal slots
* JLink Info: Found Cortex-M4 r0p1, Little endian.
ROMTableAddr = 0xE00FF003
 
Target info:
------------
Device: TM4C1290NCZAD
VTarget = 3.248V
State of Pins: 
TCK: 0, TDI: 1, TDO: 0, TMS: 0, TRES: 0, TRST: 1
Hardware-Breakpoints: 6
Software-Breakpoints: 8192
Watchpoints:          4
JTAG speed: 2000 kHz
 
Erase Done.
Programming Done.
Verify OK.
Application running ...
Build target 'NAD_C358'
compiling System_Task.c...
Task\System_Task.c(270): warning:  #188-D: enumerated type mixed with another type
Task\System_Task.c(270): warning:  #188-D: enumerated type mixed with another type
Task\System_Task.c(24): warning:  #177-D: variable "protect_name" was declared but never referenced
Task\System_Task.c(36): warning:  #177-D: function "sys_audio_config_load" was declared but never referenced
Task\System_Task.c(37): warning:  #177-D: function "sys_bled_flash" was declared but never referenced
Task\System_Task.c(38): warning:  #177-D: function "power_on_timeout" was declared but never referenced
linking...
Program Size: Code=23042 RO-data=3806 RW-data=220 ZI-data=52332  
".\build\NAD_C358.axf" - 0 Errors, 6 Warning(s).
Build target 'NAD_C358'
linking...
Program Size: Code=23042 RO-data=3806 RW-data=220 ZI-data=52332  
".\build\NAD_C358.axf" - 0 Errors, 0 Warning(s).
Load "E:\\Project\\NAD\\C368\\NAD_C358_RTOS\\build\\NAD_C358.axf" 
* JLink Info: Device "UNSPECIFIED" selected (0 KB flash, 0 KB RAM).
Set JLink Project File to "E:\Project\NAD\C368\NAD_C358_RTOS\JLinkSettings.ini"
* JLink Info: Device "UNSPECIFIED" selected (0 KB flash, 0 KB RAM).
 
JLink info:
------------
DLL: V4.68a, compiled Apr 12 2013 13:26:50
Firmware: J-Link ARM V7 compiled Jun 20 2012 19:45:53
Hardware: V7.00
Feature(s) : RDI, FlashBP, FlashDL, JFlash, GDBFULL 
 
* JLink Info: Found SWD-DP with ID 0x2BA01477
* JLink Info: TPIU fitted.
* JLink Info: ETM fitted.
* JLink Info: FPUnit: 6 code (BP) slots and 2 literal slots
* JLink Info: Found Cortex-M4 r0p1, Little endian.
ROMTableAddr = 0xE00FF003
 
Target info:
------------
Device: TM4C1290NCZAD
VTarget = 3.254V
State of Pins: 
TCK: 0, TDI: 1, TDO: 0, TMS: 0, TRES: 0, TRST: 1
Hardware-Breakpoints: 6
Software-Breakpoints: 8192
Watchpoints:          4
JTAG speed: 2000 kHz
 
Erase Done.
Programming Done.
Verify OK.
Application running ...
Build target 'NAD_C358'
compiling System_Task.c...
Task\System_Task.c(270): warning:  #188-D: enumerated type mixed with another type
Task\System_Task.c(270): warning:  #188-D: enumerated type mixed with another type
Task\System_Task.c(24): warning:  #177-D: variable "protect_name" was declared but never referenced
Task\System_Task.c(36): warning:  #177-D: function "sys_audio_config_load" was declared but never referenced
Task\System_Task.c(37): warning:  #177-D: function "sys_bled_flash" was declared but never referenced
Task\System_Task.c(38): warning:  #177-D: function "power_on_timeout" was declared but never referenced
linking...
Program Size: Code=23078 RO-data=3806 RW-data=220 ZI-data=52332  
".\build\NAD_C358.axf" - 0 Errors, 6 Warning(s).
Load "E:\\Project\\NAD\\C368\\NAD_C358_RTOS\\build\\NAD_C358.axf" 
* JLink Info: Device "UNSPECIFIED" selected (0 KB flash, 0 KB RAM).
Set JLink Project File to "E:\Project\NAD\C368\NAD_C358_RTOS\JLinkSettings.ini"
* JLink Info: Device "UNSPECIFIED" selected (0 KB flash, 0 KB RAM).
 
JLink info:
------------
DLL: V4.68a, compiled Apr 12 2013 13:26:50
Firmware: J-Link ARM V7 compiled Jun 20 2012 19:45:53
Hardware: V7.00
Feature(s) : RDI, FlashBP, FlashDL, JFlash, GDBFULL 
 
* JLink Info: Found SWD-DP with ID 0x2BA01477
* JLink Info: TPIU fitted.
* JLink Info: ETM fitted.
* JLink Info: FPUnit: 6 code (BP) slots and 2 literal slots
* JLink Info: Found Cortex-M4 r0p1, Little endian.
ROMTableAddr = 0xE00FF003
 
Target info:
------------
Device: TM4C1290NCZAD
VTarget = 3.248V
State of Pins: 
TCK: 0, TDI: 1, TDO: 0, TMS: 0, TRES: 0, TRST: 1
Hardware-Breakpoints: 6
Software-Breakpoints: 8192
Watchpoints:          4
JTAG speed: 2000 kHz
 
Erase Done.
Programming Done.
Verify OK.
Application running ...
Build target 'NAD_C358'
compiling System_Task.c...
Task\System_Task.c(270): warning:  #188-D: enumerated type mixed with another type
Task\System_Task.c(270): warning:  #188-D: enumerated type mixed with another type
Task\System_Task.c(24): warning:  #177-D: variable "protect_name" was declared but never referenced
Task\System_Task.c(36): warning:  #177-D: function "sys_audio_config_load" was declared but never referenced
Task\System_Task.c(37): warning:  #177-D: function "sys_bled_flash" was declared but never referenced
Task\System_Task.c(38): warning:  #177-D: function "power_on_timeout" was declared but never referenced
linking...
Program Size: Code=23070 RO-data=3806 RW-data=220 ZI-data=52332  
".\build\NAD_C358.axf" - 0 Errors, 6 Warning(s).
Load "E:\\Project\\NAD\\C368\\NAD_C358_RTOS\\build\\NAD_C358.axf" 
* JLink Info: Device "UNSPECIFIED" selected (0 KB flash, 0 KB RAM).
Set JLink Project File to "E:\Project\NAD\C368\NAD_C358_RTOS\JLinkSettings.ini"
* JLink Info: Device "UNSPECIFIED" selected (0 KB flash, 0 KB RAM).
 
JLink info:
------------
DLL: V4.68a, compiled Apr 12 2013 13:26:50
Firmware: J-Link ARM V7 compiled Jun 20 2012 19:45:53
Hardware: V7.00
Feature(s) : RDI, FlashBP, FlashDL, JFlash, GDBFULL 
 
* JLink Info: Found SWD-DP with ID 0x2BA01477
* JLink Info: TPIU fitted.
* JLink Info: ETM fitted.
* JLink Info: FPUnit: 6 code (BP) slots and 2 literal slots
* JLink Info: Found Cortex-M4 r0p1, Little endian.
ROMTableAddr = 0xE00FF003
 
Target info:
------------
Device: TM4C1290NCZAD
VTarget = 3.248V
State of Pins: 
TCK: 0, TDI: 1, TDO: 0, TMS: 0, TRES: 0, TRST: 1
Hardware-Breakpoints: 6
Software-Breakpoints: 8192
Watchpoints:          4
JTAG speed: 2000 kHz
 
Erase Done.
Programming Done.
Verify OK.
Application running ...
Build target 'NAD_C358'
compiling System_Task.c...
Task\System_Task.c(270): warning:  #188-D: enumerated type mixed with another type
Task\System_Task.c(270): warning:  #188-D: enumerated type mixed with another type
Task\System_Task.c(318): warning:  #940-D: missing return statement at end of non-void function "merge_list"
Task\System_Task.c(24): warning:  #177-D: variable "protect_name" was declared but never referenced
Task\System_Task.c(36): warning:  #177-D: function "sys_audio_config_load" was declared but never referenced
Task\System_Task.c(37): warning:  #177-D: function "sys_bled_flash" was declared but never referenced
Task\System_Task.c(38): warning:  #177-D: function "power_on_timeout" was declared but never referenced
linking...
Program Size: Code=23058 RO-data=3806 RW-data=220 ZI-data=52332  
".\build\NAD_C358.axf" - 0 Errors, 7 Warning(s).
Build target 'NAD_C358'
linking...
Program Size: Code=23058 RO-data=3806 RW-data=220 ZI-data=52332  
".\build\NAD_C358.axf" - 0 Errors, 0 Warning(s).
Load "E:\\Project\\NAD\\C368\\NAD_C358_RTOS\\build\\NAD_C358.axf" 
* JLink Info: Device "UNSPECIFIED" selected (0 KB flash, 0 KB RAM).
Set JLink Project File to "E:\Project\NAD\C368\NAD_C358_RTOS\JLinkSettings.ini"
* JLink Info: Device "UNSPECIFIED" selected (0 KB flash, 0 KB RAM).
 
JLink info:
------------
DLL: V4.68a, compiled Apr 12 2013 13:26:50
Firmware: J-Link ARM V7 compiled Jun 20 2012 19:45:53
Hardware: V7.00
Feature(s) : RDI, FlashBP, FlashDL, JFlash, GDBFULL 
 
* JLink Info: Found SWD-DP with ID 0x2BA01477
* JLink Info: TPIU fitted.
* JLink Info: ETM fitted.
* JLink Info: FPUnit: 6 code (BP) slots and 2 literal slots
* JLink Info: Found Cortex-M4 r0p1, Little endian.
ROMTableAddr = 0xE00FF003
 
Target info:
------------
Device: TM4C1290NCZAD
VTarget = 3.248V
State of Pins: 
TCK: 0, TDI: 1, TDO: 0, TMS: 0, TRES: 0, TRST: 1
Hardware-Breakpoints: 6
Software-Breakpoints: 8192
Watchpoints:          4
JTAG speed: 2000 kHz
 
Erase Done.
Programming Done.
Verify OK.
Application running ...
Build target 'NAD_C358'
compiling System_Task.c...
Task\System_Task.c(270): warning:  #188-D: enumerated type mixed with another type
Task\System_Task.c(270): warning:  #188-D: enumerated type mixed with another type
Task\System_Task.c(318): warning:  #940-D: missing return statement at end of non-void function "merge_list"
Task\System_Task.c(24): warning:  #177-D: variable "protect_name" was declared but never referenced
Task\System_Task.c(36): warning:  #177-D: function "sys_audio_config_load" was declared but never referenced
Task\System_Task.c(37): warning:  #177-D: function "sys_bled_flash" was declared but never referenced
Task\System_Task.c(38): warning:  #177-D: function "power_on_timeout" was declared but never referenced
Task\System_Task.c(313): warning:  #177-D: function "merge_list" was declared but never referenced
linking...
Program Size: Code=23086 RO-data=3806 RW-data=220 ZI-data=52332  
".\build\NAD_C358.axf" - 0 Errors, 8 Warning(s).
Load "E:\\Project\\NAD\\C368\\NAD_C358_RTOS\\build\\NAD_C358.axf" 
* JLink Info: Device "UNSPECIFIED" selected (0 KB flash, 0 KB RAM).
Set JLink Project File to "E:\Project\NAD\C368\NAD_C358_RTOS\JLinkSettings.ini"
* JLink Info: Device "UNSPECIFIED" selected (0 KB flash, 0 KB RAM).
 
JLink info:
------------
DLL: V4.68a, compiled Apr 12 2013 13:26:50
Firmware: J-Link ARM V7 compiled Jun 20 2012 19:45:53
Hardware: V7.00
Feature(s) : RDI, FlashBP, FlashDL, JFlash, GDBFULL 
 
* JLink Info: Found SWD-DP with ID 0x2BA01477
* JLink Info: TPIU fitted.
* JLink Info: ETM fitted.
* JLink Info: FPUnit: 6 code (BP) slots and 2 literal slots
* JLink Info: Found Cortex-M4 r0p1, Little endian.
ROMTableAddr = 0xE00FF003
 
Target info:
------------
Device: TM4C1290NCZAD
VTarget = 3.248V
State of Pins: 
TCK: 0, TDI: 1, TDO: 0, TMS: 0, TRES: 0, TRST: 1
Hardware-Breakpoints: 6
Software-Breakpoints: 8192
Watchpoints:          4
JTAG speed: 2000 kHz
 
Erase Done.
Programming Done.
Verify OK.
Application running ...
Build target 'NAD_C358'
compiling System_Task.c...
Task\System_Task.c(270): warning:  #188-D: enumerated type mixed with another type
Task\System_Task.c(270): warning:  #188-D: enumerated type mixed with another type
Task\System_Task.c(24): warning:  #177-D: variable "protect_name" was declared but never referenced
Task\System_Task.c(36): warning:  #177-D: function "sys_audio_config_load" was declared but never referenced
Task\System_Task.c(37): warning:  #177-D: function "sys_bled_flash" was declared but never referenced
Task\System_Task.c(38): warning:  #177-D: function "power_on_timeout" was declared but never referenced
linking...
Program Size: Code=23130 RO-data=3806 RW-data=220 ZI-data=52332  
".\build\NAD_C358.axf" - 0 Errors, 6 Warning(s).
Build target 'NAD_C358'
linking...
Program Size: Code=23130 RO-data=3806 RW-data=220 ZI-data=52332  
".\build\NAD_C358.axf" - 0 Errors, 0 Warning(s).
Load "E:\\Project\\NAD\\C368\\NAD_C358_RTOS\\build\\NAD_C358.axf" 
* JLink Info: Device "UNSPECIFIED" selected (0 KB flash, 0 KB RAM).
Set JLink Project File to "E:\Project\NAD\C368\NAD_C358_RTOS\JLinkSettings.ini"
* JLink Info: Device "UNSPECIFIED" selected (0 KB flash, 0 KB RAM).
 
JLink info:
------------
DLL: V4.68a, compiled Apr 12 2013 13:26:50
Firmware: J-Link ARM V7 compiled Jun 20 2012 19:45:53
Hardware: V7.00
Feature(s) : RDI, FlashBP, FlashDL, JFlash, GDBFULL 
 
* JLink Info: Found SWD-DP with ID 0x2BA01477
* JLink Info: TPIU fitted.
* JLink Info: ETM fitted.
* JLink Info: FPUnit: 6 code (BP) slots and 2 literal slots
* JLink Info: Found Cortex-M4 r0p1, Little endian.
ROMTableAddr = 0xE00FF003
 
Target info:
------------
Device: TM4C1290NCZAD
VTarget = 3.248V
State of Pins: 
TCK: 0, TDI: 1, TDO: 0, TMS: 0, TRES: 0, TRST: 1
Hardware-Breakpoints: 6
Software-Breakpoints: 8192
Watchpoints:          4
JTAG speed: 2000 kHz
 
Erase Done.
Programming Done.
Verify OK.
Application running ...
Build target 'NAD_C358'
compiling System_Task.c...
Task\System_Task.c(270): warning:  #188-D: enumerated type mixed with another type
Task\System_Task.c(270): warning:  #188-D: enumerated type mixed with another type
Task\System_Task.c(24): warning:  #177-D: variable "protect_name" was declared but never referenced
Task\System_Task.c(36): warning:  #177-D: function "sys_audio_config_load" was declared but never referenced
Task\System_Task.c(37): warning:  #177-D: function "sys_bled_flash" was declared but never referenced
Task\System_Task.c(38): warning:  #177-D: function "power_on_timeout" was declared but never referenced
linking...
Program Size: Code=23150 RO-data=3806 RW-data=220 ZI-data=52332  
".\build\NAD_C358.axf" - 0 Errors, 6 Warning(s).
Build target 'NAD_C358'
linking...
Program Size: Code=23150 RO-data=3806 RW-data=220 ZI-data=52332  
".\build\NAD_C358.axf" - 0 Errors, 0 Warning(s).
Load "E:\\Project\\NAD\\C368\\NAD_C358_RTOS\\build\\NAD_C358.axf" 
* JLink Info: Device "UNSPECIFIED" selected (0 KB flash, 0 KB RAM).
Set JLink Project File to "E:\Project\NAD\C368\NAD_C358_RTOS\JLinkSettings.ini"
* JLink Info: Device "UNSPECIFIED" selected (0 KB flash, 0 KB RAM).
 
JLink info:
------------
DLL: V4.68a, compiled Apr 12 2013 13:26:50
Firmware: J-Link ARM V7 compiled Jun 20 2012 19:45:53
Hardware: V7.00
Feature(s) : RDI, FlashBP, FlashDL, JFlash, GDBFULL 
 
* JLink Info: Found SWD-DP with ID 0x2BA01477
* JLink Info: TPIU fitted.
* JLink Info: ETM fitted.
* JLink Info: FPUnit: 6 code (BP) slots and 2 literal slots
* JLink Info: Found Cortex-M4 r0p1, Little endian.
ROMTableAddr = 0xE00FF003
 
Target info:
------------
Device: TM4C1290NCZAD
VTarget = 3.248V
State of Pins: 
TCK: 0, TDI: 1, TDO: 0, TMS: 0, TRES: 0, TRST: 1
Hardware-Breakpoints: 6
Software-Breakpoints: 8192
Watchpoints:          4
JTAG speed: 2000 kHz
 
Erase Done.
Programming Done.
Verify OK.
Application running ...
Build target 'NAD_C358'
compiling System_Task.c...
Task\System_Task.c(270): warning:  #188-D: enumerated type mixed with another type
Task\System_Task.c(270): warning:  #188-D: enumerated type mixed with another type
Task\System_Task.c(24): warning:  #177-D: variable "protect_name" was declared but never referenced
Task\System_Task.c(36): warning:  #177-D: function "sys_audio_config_load" was declared but never referenced
Task\System_Task.c(37): warning:  #177-D: function "sys_bled_flash" was declared but never referenced
Task\System_Task.c(38): warning:  #177-D: function "power_on_timeout" was declared but never referenced
linking...
Program Size: Code=23154 RO-data=3806 RW-data=220 ZI-data=52332  
".\build\NAD_C358.axf" - 0 Errors, 6 Warning(s).
Build target 'NAD_C358'
linking...
Program Size: Code=23154 RO-data=3806 RW-data=220 ZI-data=52332  
".\build\NAD_C358.axf" - 0 Errors, 0 Warning(s).
Load "E:\\Project\\NAD\\C368\\NAD_C358_RTOS\\build\\NAD_C358.axf" 
* JLink Info: Device "UNSPECIFIED" selected (0 KB flash, 0 KB RAM).
Set JLink Project File to "E:\Project\NAD\C368\NAD_C358_RTOS\JLinkSettings.ini"
* JLink Info: Device "UNSPECIFIED" selected (0 KB flash, 0 KB RAM).
 
JLink info:
------------
DLL: V4.68a, compiled Apr 12 2013 13:26:50
Firmware: J-Link ARM V7 compiled Jun 20 2012 19:45:53
Hardware: V7.00
Feature(s) : RDI, FlashBP, FlashDL, JFlash, GDBFULL 
 
* JLink Info: Found SWD-DP with ID 0x2BA01477
* JLink Info: TPIU fitted.
* JLink Info: ETM fitted.
* JLink Info: FPUnit: 6 code (BP) slots and 2 literal slots
* JLink Info: Found Cortex-M4 r0p1, Little endian.
ROMTableAddr = 0xE00FF003
 
Target info:
------------
Device: TM4C1290NCZAD
VTarget = 3.248V
State of Pins: 
TCK: 0, TDI: 1, TDO: 0, TMS: 0, TRES: 0, TRST: 1
Hardware-Breakpoints: 6
Software-Breakpoints: 8192
Watchpoints:          4
JTAG speed: 2000 kHz
 
Erase Done.
Programming Done.
Verify OK.
Application running ...
