ARM Linker, 5.03 [Build 76] [MDK-ARM Standard]

==============================================================================

Section Cross References

    startup_rvmdk.o(STACK) refers (Special) to heapauxi.o(.text) for __use_two_region_memory
    startup_rvmdk.o(HEAP) refers (Special) to heapauxi.o(.text) for __use_two_region_memory
    startup_rvmdk.o(RESET) refers (Special) to heapauxi.o(.text) for __use_two_region_memory
    startup_rvmdk.o(RESET) refers to startup_rvmdk.o(STACK) for StackMem
    startup_rvmdk.o(RESET) refers to main.o(.text) for vApplicationMallocFailedHook
    startup_rvmdk.o(RESET) refers to port.o(.emb_text) for vPortSVCHandler
    startup_rvmdk.o(RESET) refers to port.o(.text) for xPortSysTickHandler
    startup_rvmdk.o(RESET) refers to serial.o(.text) for uart0_interrupt_handler
    startup_rvmdk.o(RESET) refers to usbhostenum.o(i.USB0HostIntHandler) for USB0HostIntHandler
    startup_rvmdk.o(RESET) refers to __main.o(!!!main) for __main
    startup_rvmdk.o(.text) refers (Special) to heapauxi.o(.text) for __use_two_region_memory
    startup_rvmdk.o(.text) refers to startup_rvmdk.o(HEAP) for HeapMem
    startup_rvmdk.o(.text) refers to startup_rvmdk.o(STACK) for StackMem
    bsp.o(.text) refers to sysctl.o(i.SysCtlPeripheralEnable) for SysCtlPeripheralEnable
    bsp.o(.text) refers to gpio.o(i.GPIOPinTypeGPIOOutput) for GPIOPinTypeGPIOOutput
    bsp.o(.text) refers to gpio.o(i.GPIOPinWrite) for GPIOPinWrite
    bsp.o(.text) refers to gpio.o(i.GPIOPinTypeGPIOInput) for GPIOPinTypeGPIOInput
    bsp.o(.text) refers to rt_memclr_w.o(.text) for __aeabi_memclr4
    bsp.o(.text) refers to c89vsprintf.o(.text) for __c89vsprintf
    bsp.o(.text) refers to strlen.o(.text) for strlen
    bsp.o(.text) refers to uart.o(i.UARTCharPutNonBlocking) for UARTCharPutNonBlocking
    bsp.o(.text) refers to sysctl.o(.emb_text) for SysCtlDelay
    croutine.o(.text) refers to list.o(.text) for vListInitialise
    croutine.o(.text) refers to heap_4.o(.text) for pvPortMalloc
    croutine.o(.text) refers to port.o(.emb_text) for ulPortSetInterruptMask
    croutine.o(.text) refers to tasks.o(.text) for xTaskGetTickCount
    croutine.o(.text) refers to croutine.o(.bss) for pxReadyCoRoutineLists
    croutine.o(.text) refers to croutine.o(.data) for pxDelayedCoRoutineList
    queue.o(.text) refers to port.o(.text) for vPortEnterCritical
    queue.o(.text) refers to tasks.o(.text) for xTaskRemoveFromEventList
    queue.o(.text) refers to list.o(.text) for vListInitialise
    queue.o(.text) refers to heap_4.o(.text) for pvPortMalloc
    queue.o(.text) refers to rt_memcpy_v6.o(.text) for __aeabi_memcpy
    queue.o(.text) refers to port.o(.emb_text) for ulPortSetInterruptMask
    queue.o(.text) refers to queue.o(.bss) for xQueueRegistry
    tasks.o(.text) refers to list.o(.text) for vListInitialise
    tasks.o(.text) refers to heap_4.o(.text) for pvPortMalloc
    tasks.o(.text) refers to aeabi_memset.o(.text) for __aeabi_memset
    tasks.o(.text) refers to port.o(.text) for pxPortInitialiseStack
    tasks.o(.text) refers to tasks.o(.bss) for pxReadyTasksLists
    tasks.o(.text) refers to tasks.o(.data) for pxDelayedTaskList
    tasks.o(.text) refers to main.o(.text) for vApplicationStackOverflowHook
    tasks.o(.text) refers to memcmp.o(.text) for memcmp
    tasks.o(.text) refers to tasks.o(.constdata) for ucExpectedStackBytes
    tasks.o(.text) refers to port.o(.emb_text) for ulPortSetInterruptMask
    port.o(.emb_text) refers to tasks.o(.text) for vTaskSwitchContext
    port.o(.emb_text) refers to tasks.o(.data) for pxCurrentTCB
    port.o(.text) refers to port.o(.emb_text) for ulPortSetInterruptMask
    port.o(.text) refers to tasks.o(.text) for xTaskIncrementTick
    port.o(.text) refers to port.o(.data) for uxCriticalNesting
    heap_4.o(.text) refers to tasks.o(.text) for vTaskSuspendAll
    heap_4.o(.text) refers to heap_4.o(.data) for xStart
    heap_4.o(.text) refers to heap_4.o(.bss) for ucHeap
    main.o(.text) refers to bsp.o(.text) for s_printf
    main.o(.text) refers to sysctl.o(i.SysCtlClockFreqSet) for SysCtlClockFreqSet
    main.o(.text) refers to serial.o(.text) for bsp_uart_init
    main.o(.text) refers to tasks.o(.text) for xTaskGenericCreate
    main.o(.text) refers to main.o(.data) for gSysClock
    main.o(.text) refers to console_task.o(.text) for console_task
    main.o(.text) refers to system_task.o(.text) for system_task
    main.o(.text) refers to display_task.o(.text) for display_task
    main.o(.text) refers to usb_stick.o(.text) for usb_stick_task
    main.o(.data) refers to main.o(.conststring) for .conststring
    serial.o(.text) refers to sysctl.o(i.SysCtlPeripheralEnable) for SysCtlPeripheralEnable
    serial.o(.text) refers to gpio.o(i.GPIOPinConfigure) for GPIOPinConfigure
    serial.o(.text) refers to gpio.o(i.GPIOPinTypeUART) for GPIOPinTypeUART
    serial.o(.text) refers to uart.o(i.UARTConfigSetExpClk) for UARTConfigSetExpClk
[...]
    __rt_lib_init_lc_ctype_2                 0x0000036d   Thumb Code     0  libinit2.o(.ARM.Collect$$libinit$$00000010)
    __rt_lib_init_lc_ctype_1                 0x00000379   Thumb Code     0  libinit2.o(.ARM.Collect$$libinit$$00000011)
    __rt_lib_init_lc_monetary_1              0x00000379   Thumb Code     0  libinit2.o(.ARM.Collect$$libinit$$00000013)
    __rt_lib_init_lc_numeric_2               0x00000379   Thumb Code     0  libinit2.o(.ARM.Collect$$libinit$$00000014)
    __rt_lib_init_alloca_1                   0x00000383   Thumb Code     0  libinit2.o(.ARM.Collect$$libinit$$0000002C)
    __rt_lib_init_argv_1                     0x00000383   Thumb Code     0  libinit2.o(.ARM.Collect$$libinit$$0000002A)
    __rt_lib_init_atexit_1                   0x00000383   Thumb Code     0  libinit2.o(.ARM.Collect$$libinit$$00000019)
    __rt_lib_init_clock_1                    0x00000383   Thumb Code     0  libinit2.o(.ARM.Collect$$libinit$$0000001F)
    __rt_lib_init_cpp_1                      0x00000383   Thumb Code     0  libinit2.o(.ARM.Collect$$libinit$$00000030)
    __rt_lib_init_exceptions_1               0x00000383   Thumb Code     0  libinit2.o(.ARM.Collect$$libinit$$0000002E)
    __rt_lib_init_fp_trap_1                  0x00000383   Thumb Code     0  libinit2.o(.ARM.Collect$$libinit$$0000001D)
    __rt_lib_init_getenv_1                   0x00000383   Thumb Code     0  libinit2.o(.ARM.Collect$$libinit$$00000021)
    __rt_lib_init_lc_numeric_1               0x00000383   Thumb Code     0  libinit2.o(.ARM.Collect$$libinit$$00000015)
    __rt_lib_init_lc_time_1                  0x00000383   Thumb Code     0  libinit2.o(.ARM.Collect$$libinit$$00000017)
    __rt_lib_init_return                     0x00000383   Thumb Code     0  libinit2.o(.ARM.Collect$$libinit$$00000031)
    __rt_lib_init_signal_1                   0x00000383   Thumb Code     0  libinit2.o(.ARM.Collect$$libinit$$0000001B)
    __rt_lib_init_stdio_1                    0x00000383   Thumb Code     0  libinit2.o(.ARM.Collect$$libinit$$00000023)
    __rt_lib_shutdown                        0x00000385   Thumb Code     0  libshutdown.o(.ARM.Collect$$libshutdown$$00000000)
    __rt_lib_shutdown_fp_trap_1              0x00000387   Thumb Code     0  libshutdown2.o(.ARM.Collect$$libshutdown$$00000006)
    __rt_lib_shutdown_heap_1                 0x00000387   Thumb Code     0  libshutdown2.o(.ARM.Collect$$libshutdown$$0000000E)
    __rt_lib_shutdown_return                 0x00000387   Thumb Code     0  libshutdown2.o(.ARM.Collect$$libshutdown$$0000000F)
    __rt_lib_shutdown_signal_1               0x00000387   Thumb Code     0  libshutdown2.o(.ARM.Collect$$libshutdown$$00000009)
    __rt_lib_shutdown_stdio_1                0x00000387   Thumb Code     0  libshutdown2.o(.ARM.Collect$$libshutdown$$00000003)
    __rt_lib_shutdown_user_alloc_1           0x00000387   Thumb Code     0  libshutdown2.o(.ARM.Collect$$libshutdown$$0000000B)
    __rt_entry                               0x00000389   Thumb Code     0  rtentry.o(.ARM.Collect$$rtentry$$00000000)
    __rt_entry_presh_1                       0x00000389   Thumb Code     0  rtentry2.o(.ARM.Collect$$rtentry$$00000002)
    __rt_entry_sh                            0x00000389   Thumb Code     0  rtentry4.o(.ARM.Collect$$rtentry$$00000004)
    __rt_entry_li                            0x0000038f   Thumb Code     0  rtentry2.o(.ARM.Collect$$rtentry$$0000000A)
    __rt_entry_postsh_1                      0x0000038f   Thumb Code     0  rtentry2.o(.ARM.Collect$$rtentry$$00000009)
    __rt_entry_main                          0x00000393   Thumb Code     0  rtentry2.o(.ARM.Collect$$rtentry$$0000000D)
    __rt_entry_postli_1                      0x00000393   Thumb Code     0  rtentry2.o(.ARM.Collect$$rtentry$$0000000C)
    __rt_exit                                0x0000039b   Thumb Code     0  rtexit.o(.ARM.Collect$$rtexit$$00000000)
    __rt_exit_ls                             0x0000039d   Thumb Code     0  rtexit2.o(.ARM.Collect$$rtexit$$00000003)
    __rt_exit_prels_1                        0x0000039d   Thumb Code     0  rtexit2.o(.ARM.Collect$$rtexit$$00000002)
    __rt_exit_exit                           0x000003a1   Thumb Code     0  rtexit2.o(.ARM.Collect$$rtexit$$00000004)
    vPortSVCHandler                          0x000003a9   Thumb Code    24  port.o(.emb_text)
    __asm___6_port_c_39a90d8d__prvStartFirstTask 0x000003c5   Thumb Code    16  port.o(.emb_text)
    __asm___6_port_c_39a90d8d__prvEnableVFP  0x000003d9   Thumb Code    16  port.o(.emb_text)
    xPortPendSVHandler                       0x000003ed   Thumb Code    74  port.o(.emb_text)
    ulPortSetInterruptMask                   0x0000043d   Thumb Code    14  port.o(.emb_text)
    vPortClearInterruptMask                  0x0000044b   Thumb Code     6  port.o(.emb_text)
    vPortGetIPSR                             0x00000451   Thumb Code     6  port.o(.emb_text)
    SysCtlDelay                              0x00000459   Thumb Code     6  sysctl.o(.emb_text)
    __user_initial_stackheap                 0x00000461   Thumb Code     0  startup_rvmdk.o(.text)
    bsp_gpio_init                            0x00000479   Thumb Code   344  bsp.o(.text)
    s_printf                                 0x000005d1   Thumb Code    80  bsp.o(.text)
    bsp_delay_us                             0x00000621   Thumb Code    16  bsp.o(.text)
    bsp_delay_ms                             0x00000631   Thumb Code    22  bsp.o(.text)
    GPIO_ReadSinglePin                       0x00000647   Thumb Code    20  bsp.o(.text)
    vListInitialise                          0x00000695   Thumb Code    26  list.o(.text)
    vListInitialiseItem                      0x000006af   Thumb Code     6  list.o(.text)
    vListInsertEnd                           0x000006b5   Thumb Code    24  list.o(.text)
    vListInsert                              0x000006cd   Thumb Code    52  list.o(.text)
    uxListRemove                             0x00000701   Thumb Code    40  list.o(.text)
    xQueueGenericReset                       0x00000729   Thumb Code   110  queue.o(.text)
    xQueueGenericCreate                      0x00000797   Thumb Code    76  queue.o(.text)
    xQueueGenericSend                        0x00000943   Thumb Code   242  queue.o(.text)
    xQueueCreateMutex                        0x00000a35   Thumb Code    76  queue.o(.text)
    xQueueGetMutexHolder                     0x00000a81   Thumb Code    26  queue.o(.text)
    xQueueGiveMutexRecursive                 0x00000a9b   Thumb Code    48  queue.o(.text)
    xQueueGenericReceive                     0x00000b0f   Thumb Code   280  queue.o(.text)
    xQueueTakeMutexRecursive                 0x00000c27   Thumb Code    60  queue.o(.text)
    xQueueCreateCountingSemaphore            0x00000c63   Thumb Code    26  queue.o(.text)
    xQueueAltGenericSend                     0x00000c7d   Thumb Code   166  queue.o(.text)
    xQueueAltGenericReceive                  0x00000d23   Thumb Code   230  queue.o(.text)
    xQueueGenericSendFromISR                 0x00000e09   Thumb Code   128  queue.o(.text)
    xQueueReceiveFromISR                     0x00000e89   Thumb Code    96  queue.o(.text)
    xQueuePeekFromISR                        0x00000ee9   Thumb Code    50  queue.o(.text)
    uxQueueMessagesWaiting                   0x00000f1b   Thumb Code    18  queue.o(.text)
    uxQueueSpacesAvailable                   0x00000f2d   Thumb Code    24  queue.o(.text)
    uxQueueMessagesWaitingFromISR            0x00000f45   Thumb Code     6  queue.o(.text)
    vQueueUnregisterQueue                    0x00000f4b   Thumb Code    38  queue.o(.text)
    vQueueDelete                             0x00000f71   Thumb Code    26  queue.o(.text)
    xQueueIsQueueEmptyFromISR                0x00000f8b   Thumb Code    14  queue.o(.text)
    xQueueIsQueueFullFromISR                 0x00000f99   Thumb Code    18  queue.o(.text)
    vQueueAddToRegistry                      0x00000fab   Thumb Code    38  queue.o(.text)
    xQueueCreateSet                          0x00000fd1   Thumb Code    20  queue.o(.text)
    xQueueAddToSet                           0x00000fe5   Thumb Code    38  queue.o(.text)
    xQueueRemoveFromSet                      0x0000100b   Thumb Code    48  queue.o(.text)
    xQueueSelectFromSet                      0x0000103b   Thumb Code    26  queue.o(.text)
    xQueueSelectFromSetFromISR               0x00001055   Thumb Code    22  queue.o(.text)
    xTaskGenericCreate                       0x0000114b   Thumb Code   226  tasks.o(.text)
    vTaskDelete                              0x0000122d   Thumb Code   124  tasks.o(.text)
    xTaskIncrementTick                       0x000012a9   Thumb Code   276  tasks.o(.text)
    xTaskResumeAll                           0x000013bd   Thumb Code   268  tasks.o(.text)
    vTaskSuspendAll                          0x00001507   Thumb Code    12  tasks.o(.text)
    vTaskDelayUntil                          0x00001513   Thumb Code   126  tasks.o(.text)
    vTaskDelay                               0x00001591   Thumb Code    72  tasks.o(.text)
    eTaskGetState                            0x000015d9   Thumb Code    86  tasks.o(.text)
    uxTaskPriorityGet                        0x0000162f   Thumb Code    30  tasks.o(.text)
    vTaskPrioritySet                         0x0000164d   Thumb Code   206  tasks.o(.text)
    vTaskSwitchContext                       0x0000171b   Thumb Code   134  tasks.o(.text)
    vTaskSuspend                             0x000017a1   Thumb Code   130  tasks.o(.text)
    xTaskIsTaskSuspended                     0x00001823   Thumb Code    56  tasks.o(.text)
    vTaskResume                              0x0000185b   Thumb Code   154  tasks.o(.text)
    xTaskResumeFromISR                       0x000018f5   Thumb Code   112  tasks.o(.text)
    vTaskStartScheduler                      0x000019d5   Thumb Code    54  tasks.o(.text)
    vTaskEndScheduler                        0x00001a0b   Thumb Code    18  tasks.o(.text)
    xTaskGetTickCount                        0x00001a1d   Thumb Code    18  tasks.o(.text)
    xTaskGetTickCountFromISR                 0x00001a2f   Thumb Code    22  tasks.o(.text)
    uxTaskGetNumberOfTasks                   0x00001a45   Thumb Code     6  tasks.o(.text)
    pcTaskGetTaskName                        0x00001a4b   Thumb Code    20  tasks.o(.text)
    xTaskGetIdleTaskHandle                   0x00001a5f   Thumb Code     6  tasks.o(.text)
    vTaskPlaceOnEventList                    0x00001a65   Thumb Code    84  tasks.o(.text)
    xTaskRemoveFromEventList                 0x00001ab9   Thumb Code   104  tasks.o(.text)
    vTaskSetTimeOutState                     0x00001b21   Thumb Code    14  tasks.o(.text)
    xTaskCheckForTimeOut                     0x00001b2f   Thumb Code    84  tasks.o(.text)
    vTaskMissedYield                         0x00001b83   Thumb Code     8  tasks.o(.text)
    uxTaskGetStackHighWaterMark              0x00001ba1   Thumb Code    34  tasks.o(.text)
    xTaskGetCurrentTaskHandle                0x00001bc3   Thumb Code     6  tasks.o(.text)
    xTaskGetSchedulerState                   0x00001bc9   Thumb Code    24  tasks.o(.text)
    vTaskPriorityInherit                     0x00001be1   Thumb Code   156  tasks.o(.text)
    vTaskPriorityDisinherit                  0x00001c7d   Thumb Code   106  tasks.o(.text)
    vTaskEnterCritical                       0x00001ce7   Thumb Code    98  tasks.o(.text)
    vTaskExitCritical                        0x00001d49   Thumb Code    46  tasks.o(.text)
    pxPortInitialiseStack                    0x00001d89   Thumb Code    34  port.o(.text)
    vPortSetupTimerInterrupt                 0x00001dab   Thumb Code    14  port.o(.text)
    xPortStartScheduler                      0x00001db9   Thumb Code    58  port.o(.text)
    vPortEndScheduler                        0x00001df3   Thumb Code     2  port.o(.text)
    vPortYield                               0x00001df5   Thumb Code    20  port.o(.text)
    vPortEnterCritical                       0x00001e09   Thumb Code    26  port.o(.text)
    vPortExitCritical                        0x00001e23   Thumb Code    26  port.o(.text)
    xPortSysTickHandler                      0x00001e3d   Thumb Code    30  port.o(.text)
    pvPortMalloc                             0x00001f1f   Thumb Code   164  heap_4.o(.text)
    vPortFree                                0x00001fc3   Thumb Code    64  heap_4.o(.text)
    xPortGetFreeHeapSize                     0x00002003   Thumb Code     6  heap_4.o(.text)
    vPortInitialiseBlocks                    0x00002009   Thumb Code     2  heap_4.o(.text)
    vApplicationStackOverflowHook            0x00002021   Thumb Code     2  main.o(.text)
    vApplicationMallocFailedHook             0x00002023   Thumb Code     2  main.o(.text)
    main                                     0x00002067   Thumb Code   128  main.o(.text)
    bsp_uart_init                            0x000021f9   Thumb Code    64  serial.o(.text)
    uart0_interrupt_handler                  0x00002239   Thumb Code    66  serial.o(.text)
    serial_poll_handler                      0x0000228f   Thumb Code   164  serial.o(.text)
    fn1                                      0x00002359   Thumb Code    80  osal_console.o(.text)
    fn2                                      0x000023a9   Thumb Code     6  osal_console.o(.text)
    fn3                                      0x000023af   Thumb Code     6  osal_console.o(.text)
    fn4                                      0x000023b5   Thumb Code     6  osal_console.o(.text)
    fn5                                      0x000023bb   Thumb Code     6  osal_console.o(.text)
    Init_all                                 0x000023c1   Thumb Code    44  osal_console.o(.text)
    osal_run_command                         0x000024cd   Thumb Code    48  osal_console.o(.text)
    calc_crc32                               0x00002601   Thumb Code    40  osal_utility.o(.text)
    Utf2Unicode                              0x00002629   Thumb Code    98  osal_utility.o(.text)
    DumpBuf                                  0x0000268b   Thumb Code    52  osal_utility.o(.text)
    GetWeekdayType                           0x000026bf   Thumb Code    76  osal_utility.o(.text)
    ring_buffer_init                         0x0000271d   Thumb Code    62  osal_ringbuf.o(.text)
    ring_buffer_write                        0x0000275b   Thumb Code    88  osal_ringbuf.o(.text)
    ring_buffer_read                         0x000027b3   Thumb Code    76  osal_ringbuf.o(.text)
    Is_ring_buffer_empty                     0x000027ff   Thumb Code    46  osal_ringbuf.o(.text)
    ring_buffer_len                          0x0000282d   Thumb Code    38  osal_ringbuf.o(.text)
    osal_iic_write_buf                       0x00002a8d   Thumb Code   208  osal_soft_iic.o(.text)
    osal_iic_write_byte                      0x00002b5d   Thumb Code    20  osal_soft_iic.o(.text)
    osal_iic_read_buf                        0x00002b71   Thumb Code   166  osal_soft_iic.o(.text)
    sys_timeout                              0x00002c95   Thumb Code   158  osal_timers.o(.text)
    osal_timeout_init                        0x00002d33   Thumb Code    14  osal_timers.o(.text)
    sys_untimeout                            0x00002d41   Thumb Code    88  osal_timers.o(.text)
    console_task                             0x00002dc9   Thumb Code    34  console_task.o(.text)
    sys_database_init                        0x00002eb5   Thumb Code   204  system_task.o(.text)
    sys_poll_handler                         0x00002f81   Thumb Code    18  system_task.o(.text)
    system_task                              0x00002f93   Thumb Code    98  system_task.o(.text)
    sys_send_msg_isr                         0x00002ff5   Thumb Code    30  system_task.o(.text)
    sys_send_msg                             0x00003013   Thumb Code    30  system_task.o(.text)
    timeout_test                             0x00003091   Thumb Code    30  system_task.o(.text)
    power_on                                 0x000030af   Thumb Code    20  system_task.o(.text)
    lcd_test                                 0x000030c3   Thumb Code    16  system_task.o(.text)
    timer_test                               0x000030d3   Thumb Code    26  system_task.o(.text)
    dis_task_msg                             0x000030ed   Thumb Code    20  system_task.o(.text)
    sort_list                                0x000033ad   Thumb Code    92  system_task.o(.text)
    usb_init                                 0x00003409   Thumb Code    32  system_task.o(.text)
    usb_start                                0x00003429   Thumb Code    18  system_task.o(.text)
    display_task_msg_fetch                   0x000034f7   Thumb Code    76  display_task.o(.text)
    display_msg_handler                      0x00003543   Thumb Code     8  display_task.o(.text)
    display_task                             0x0000354b   Thumb Code   192  display_task.o(.text)
    dis_send_msg                             0x0000360b   Thumb Code    30  display_task.o(.text)
    dis_send_msg_isr                         0x00003629   Thumb Code    30  display_task.o(.text)
    epprom_sda                               0x000036ad   Thumb Code    52  eprom_driver.o(.text)
    epprom_scl                               0x000036e1   Thumb Code    52  eprom_driver.o(.text)
    epprom_sda_in                            0x00003715   Thumb Code    12  eprom_driver.o(.text)
    eeprom_write                             0x00003721   Thumb Code    90  eprom_driver.o(.text)
    eeprom_read                              0x0000377b   Thumb Code    54  eprom_driver.o(.text)
    eep_write                                0x000037b1   Thumb Code    42  eprom_driver.o(.text)
    eep_read                                 0x000037db   Thumb Code    54  eprom_driver.o(.text)
    lcd_write_cmd                            0x0000395d   Thumb Code   130  lcd_driver.o(.text)
    lcd_write_data                           0x000039df   Thumb Code   130  lcd_driver.o(.text)
    display_init_menu                        0x00003a61   Thumb Code    58  lcd_driver.o(.text)
    lcd_init                                 0x00003a9b   Thumb Code   138  lcd_driver.o(.text)
    usb_send_msg                             0x00003b85   Thumb Code    22  usb_stick.o(.text)
    ConfigureUSBInterface                    0x00003bc7   Thumb Code   150  usb_stick.o(.text)
    SimpleFsReadMediaSector                  0x00003c5d   Thumb Code    22  usb_stick.o(.text)
    usb_stick_task                           0x00003cb9   Thumb Code    84  usb_stick.o(.text)
    __c89vsprintf                            0x00003dc9   Thumb Code    32  c89vsprintf.o(.text)
    atoi                                     0x00003ded   Thumb Code    26  atoi.o(.text)
    memcmp                                   0x00003e07   Thumb Code    88  memcmp.o(.text)
    strlen                                   0x00003e5f   Thumb Code    62  strlen.o(.text)
    __aeabi_memcpy                           0x00003e9d   Thumb Code     0  rt_memcpy_v6.o(.text)
    __rt_memcpy                              0x00003e9d   Thumb Code   138  rt_memcpy_v6.o(.text)
    _memcpy_lastbytes                        0x00003f03   Thumb Code     0  rt_memcpy_v6.o(.text)
    __aeabi_memcpy4                          0x00003f27   Thumb Code     0  rt_memcpy_w.o(.text)
    __aeabi_memcpy8                          0x00003f27   Thumb Code     0  rt_memcpy_w.o(.text)
    __rt_memcpy_w                            0x00003f27   Thumb Code   100  rt_memcpy_w.o(.text)
    _memcpy_lastbytes_aligned                0x00003f6f   Thumb Code     0  rt_memcpy_w.o(.text)
    __aeabi_memset                           0x00003f8b   Thumb Code    16  aeabi_memset.o(.text)
    __aeabi_memclr                           0x00003f9b   Thumb Code     0  rt_memclr.o(.text)
    __rt_memclr                              0x00003f9b   Thumb Code    68  rt_memclr.o(.text)
    _memset                                  0x00003f9f   Thumb Code     0  rt_memclr.o(.text)
    __aeabi_memclr4                          0x00003fdf   Thumb Code     0  rt_memclr_w.o(.text)
    __aeabi_memclr8                          0x00003fdf   Thumb Code     0  rt_memclr_w.o(.text)
    __rt_memclr_w                            0x00003fdf   Thumb Code    78  rt_memclr_w.o(.text)
    _memset_w                                0x00003fe3   Thumb Code     0  rt_memclr_w.o(.text)
    strcmp                                   0x0000402d   Thumb Code   128  strcmpv7m.o(.text)
    __use_two_region_memory                  0x000040ad   Thumb Code     2  heapauxi.o(.text)
    __rt_heap_escrow$2region                 0x000040af   Thumb Code     2  heapauxi.o(.text)
    __rt_heap_expand$2region                 0x000040b1   Thumb Code     2  heapauxi.o(.text)
    __aeabi_errno_addr                       0x000040b5   Thumb Code     8  rt_errno_addr_intlibspace.o(.text)
    __errno$intlibspace                      0x000040b5   Thumb Code     0  rt_errno_addr_intlibspace.o(.text)
    __rt_errno_addr$intlibspace              0x000040b5   Thumb Code     0  rt_errno_addr_intlibspace.o(.text)
    _printf_pre_padding                      0x000040bd   Thumb Code    46  _printf_pad.o(.text)
    _printf_post_padding                     0x000040eb   Thumb Code    36  _printf_pad.o(.text)
    _printf_truncate_signed                  0x0000410f   Thumb Code    18  _printf_truncate.o(.text)
    _printf_truncate_unsigned                0x00004121   Thumb Code    18  _printf_truncate.o(.text)
    _printf_str                              0x00004133   Thumb Code    82  _printf_str.o(.text)
    _printf_int_dec                          0x00004185   Thumb Code   102  _printf_dec.o(.text)
    _printf_charcount                        0x000041fd   Thumb Code    42  _printf_charcount.o(.text)
    _printf_char_common                      0x00004233   Thumb Code    32  _printf_char_common.o(.text)
    _sputc                                   0x00004259   Thumb Code    10  _sputc.o(.text)
    _printf_wctomb                           0x00004265   Thumb Code   182  _printf_wctomb.o(.text)
    _printf_longlong_dec                     0x00004321   Thumb Code   104  _printf_longlong_dec.o(.text)
    _printf_longlong_oct                     0x00004399   Thumb Code    76  _printf_oct_int_ll.o(.text)
    _printf_int_oct                          0x000043e5   Thumb Code    24  _printf_oct_int_ll.o(.text)
    _printf_ll_oct                           0x000043fd   Thumb Code    12  _printf_oct_int_ll.o(.text)
    _printf_longlong_hex                     0x00004411   Thumb Code    92  _printf_hex_int_ll_ptr.o(.text)
    _printf_int_hex                          0x0000446d   Thumb Code    28  _printf_hex_int_ll_ptr.o(.text)
    _printf_ll_hex                           0x00004489   Thumb Code    12  _printf_hex_int_ll_ptr.o(.text)
    _printf_hex_ptr                          0x00004495   Thumb Code    18  _printf_hex_int_ll_ptr.o(.text)
    __printf                                 0x000044ad   Thumb Code   390  __printf_flags_ss_wp.o(.text)
    strtol                                   0x00004639   Thumb Code   112  strtol.o(.text)
    __user_libspace                          0x000046a9   Thumb Code     8  libspace.o(.text)
    __user_perproc_libspace                  0x000046a9   Thumb Code     0  libspace.o(.text)
    __user_perthread_libspace                0x000046a9   Thumb Code     0  libspace.o(.text)
    __rt_ctype_table                         0x000046b1   Thumb Code    16  rt_ctype_table.o(.text)
    _ll_udiv10                               0x000046c1   Thumb Code   138  lludiv10.o(.text)
    _printf_int_common                       0x0000474b   Thumb Code   184  _printf_intcommon.o(.text)
    __lib_sel_fp_printf                      0x00004803   Thumb Code     2  _printf_fp_dec.o(.text)
    _printf_fp_dec_real                      0x000049af   Thumb Code   628  _printf_fp_dec.o(.text)
    _printf_cs_common                        0x00004c23   Thumb Code    20  _printf_char.o(.text)
    _printf_char                             0x00004c37   Thumb Code    16  _printf_char.o(.text)
    _printf_string                           0x00004c47   Thumb Code     8  _printf_char.o(.text)
    _printf_lcs_common                       0x00004c4f   Thumb Code    20  _printf_wchar.o(.text)
    _printf_wchar                            0x00004c63   Thumb Code    16  _printf_wchar.o(.text)
    _printf_wstring                          0x00004c73   Thumb Code     8  _printf_wchar.o(.text)
    _strtoul                                 0x00004c7b   Thumb Code   158  _strtoul.o(.text)
    _wcrtomb                                 0x00004d19   Thumb Code    64  _wcrtomb.o(.text)
    __user_setup_stackheap                   0x00004d59   Thumb Code    74  sys_stackheap_outer.o(.text)
    __rt_locale                              0x00004da5   Thumb Code     8  rt_locale_intlibspace.o(.text)
    _printf_fp_infnan                        0x00004dad   Thumb Code   112  _printf_fp_infnan.o(.text)
    _chval                                   0x00004e2d   Thumb Code    28  _chval.o(.text)
    _btod_etento                             0x00004e49   Thumb Code   222  bigflt0.o(.text)
    exit                                     0x00004f2d   Thumb Code    12  exit.o(.text)
    _sys_exit                                0x00004f39   Thumb Code     8  sys_exit.o(.text)
    __I$use$semihosting                      0x00004f45   Thumb Code     0  use_no_semi.o(.text)
    __use_no_semihosting_swi                 0x00004f45   Thumb Code     2  use_no_semi.o(.text)
    __semihosting_library_function           0x00004f47   Thumb Code     0  indicate_semi.o(.text)
    _btod_d2e                                0x00004f47   Thumb Code    62  btod.o(CL$$btod_d2e)
    _d2e_denorm_low                          0x00004f85   Thumb Code    70  btod.o(CL$$btod_d2e_denorm_low)
    _d2e_norm_op1                            0x00004fcb   Thumb Code    96  btod.o(CL$$btod_d2e_norm_op1)
    __btod_div_common                        0x0000502b   Thumb Code   696  btod.o(CL$$btod_div_common)
    _e2e                                     0x00005363   Thumb Code   198  btod.o(CL$$btod_e2e)
    _btod_ediv                               0x00005429   Thumb Code    40  btod.o(CL$$btod_ediv)
    _btod_emul                               0x00005451   Thumb Code    40  btod.o(CL$$btod_emul)
    __btod_mult_common                       0x00005479   Thumb Code   580  btod.o(CL$$btod_mult_common)
    ConfigDescAlloc                          0x000056bd   Thumb Code   112  usbhostenum.o(i.ConfigDescAlloc)
    ConfigDescFree                           0x00005735   Thumb Code    60  usbhostenum.o(i.ConfigDescFree)
    GPIODirModeSet                           0x000057c9   Thumb Code    40  gpio.o(i.GPIODirModeSet)
    GPIOPadConfigSet                         0x000057f1   Thumb Code   318  gpio.o(i.GPIOPadConfigSet)
    GPIOPinConfigure                         0x00005931   Thumb Code    64  gpio.o(i.GPIOPinConfigure)
    GPIOPinTypeGPIOInput                     0x00005979   Thumb Code    28  gpio.o(i.GPIOPinTypeGPIOInput)
    GPIOPinTypeGPIOOutput                    0x00005995   Thumb Code    28  gpio.o(i.GPIOPinTypeGPIOOutput)
    GPIOPinTypeUART                          0x000059b1   Thumb Code    28  gpio.o(i.GPIOPinTypeUART)
    GPIOPinTypeUSBAnalog                     0x000059cd   Thumb Code    28  gpio.o(i.GPIOPinTypeUSBAnalog)
    GPIOPinTypeUSBDigital                    0x000059e9   Thumb Code    28  gpio.o(i.GPIOPinTypeUSBDigital)
    GPIOPinWrite                             0x00005a05   Thumb Code     6  gpio.o(i.GPIOPinWrite)
    IntDisable                               0x00005a0d   Thumb Code    92  interrupt.o(i.IntDisable)
    IntEnable                                0x00005a71   Thumb Code    92  interrupt.o(i.IntEnable)
    IntIsEnabled                             0x00005ad5   Thumb Code    88  interrupt.o(i.IntIsEnabled)
    InternalUSBHCDSendEvent                  0x00005b35   Thumb Code    54  usbhostenum.o(i.InternalUSBHCDSendEvent)
    InternalUSBStartOfFrameTick              0x00005b71   Thumb Code    46  usbtick.o(i.InternalUSBStartOfFrameTick)
    InternalUSBTickInit                      0x00005ba9   Thumb Code    46  usbtick.o(i.InternalUSBTickInit)
    OTGDeviceDisconnect                      0x00005be1   Thumb Code    24  usbmode.o(i.OTGDeviceDisconnect)
    SysCtlClockFreqSet                       0x00005fdd   Thumb Code   672  sysctl.o(i.SysCtlClockFreqSet)
    SysCtlPeripheralEnable                   0x000062a5   Thumb Code    36  sysctl.o(i.SysCtlPeripheralEnable)
    SysCtlPeripheralReset                    0x000062cd   Thumb Code    56  sysctl.o(i.SysCtlPeripheralReset)
    SysCtlUSBPLLEnable                       0x00006309   Thumb Code    12  sysctl.o(i.SysCtlUSBPLLEnable)
    UARTCharGetNonBlocking                   0x00006319   Thumb Code    16  uart.o(i.UARTCharGetNonBlocking)
    UARTCharPutNonBlocking                   0x00006329   Thumb Code    16  uart.o(i.UARTCharPutNonBlocking)
    UARTCharsAvail                           0x00006339   Thumb Code    10  uart.o(i.UARTCharsAvail)
    UARTConfigSetExpClk                      0x00006343   Thumb Code   110  uart.o(i.UARTConfigSetExpClk)
    UARTEnable                               0x000063b1   Thumb Code    20  uart.o(i.UARTEnable)
    UARTIntClear                             0x000063c5   Thumb Code     4  uart.o(i.UARTIntClear)
    UARTIntEnable                            0x000063c9   Thumb Code     8  uart.o(i.UARTIntEnable)
    UARTIntStatus                            0x000063d1   Thumb Code    10  uart.o(i.UARTIntStatus)
    ULPIConfigSet                            0x000063db   Thumb Code    90  usbulpi.o(i.ULPIConfigSet)
    USB0HostIntHandler                       0x00006435   Thumb Code    20  usbhostenum.o(i.USB0HostIntHandler)
    USBClockEnable                           0x0000644d   Thumb Code    10  usb.o(i.USBClockEnable)
    USBControllerVersion                     0x00006457   Thumb Code    10  usb.o(i.USBControllerVersion)
    USBDMAChannelAddressSet                  0x00006461   Thumb Code    10  usb.o(i.USBDMAChannelAddressSet)
    USBDMAChannelConfigSet                   0x0000646b   Thumb Code    22  usb.o(i.USBDMAChannelConfigSet)
    USBDMAChannelCountSet                    0x00006481   Thumb Code    10  usb.o(i.USBDMAChannelCountSet)
    USBDMAChannelDisable                     0x0000648b   Thumb Code    18  usb.o(i.USBDMAChannelDisable)
    USBDMAChannelEnable                      0x0000649d   Thumb Code    18  usb.o(i.USBDMAChannelEnable)
    USBDMAChannelIntDisable                  0x000064af   Thumb Code    18  usb.o(i.USBDMAChannelIntDisable)
    USBDMAChannelIntEnable                   0x000064c1   Thumb Code    18  usb.o(i.USBDMAChannelIntEnable)
    USBDMAChannelIntStatus                   0x000064d3   Thumb Code     6  usb.o(i.USBDMAChannelIntStatus)
    USBDMAChannelStatus                      0x000064d9   Thumb Code    14  usb.o(i.USBDMAChannelStatus)
    USBDescGetInterface                      0x000064e7   Thumb Code   122  usbdesc.o(i.USBDescGetInterface)
    USBDescGetInterfaceEndpoint              0x00006561   Thumb Code    64  usbdesc.o(i.USBDescGetInterfaceEndpoint)
    USBEndpointDMAChannel                    0x000065a1   Thumb Code    30  usb.o(i.USBEndpointDMAChannel)
    USBEndpointDMAConfigSet                  0x000065bf   Thumb Code    86  usb.o(i.USBEndpointDMAConfigSet)
    USBEndpointDMADisable                    0x00006615   Thumb Code    36  usb.o(i.USBEndpointDMADisable)
    USBEndpointDMAEnable                     0x00006639   Thumb Code    36  usb.o(i.USBEndpointDMAEnable)
    USBEndpointDataGet                       0x0000665d   Thumb Code    84  usb.o(i.USBEndpointDataGet)
    USBEndpointDataPut                       0x000066b1   Thumb Code    58  usb.o(i.USBEndpointDataPut)
    USBEndpointDataSend                      0x000066eb   Thumb Code    48  usb.o(i.USBEndpointDataSend)
    USBEndpointDataToggleClear               0x0000671b   Thumb Code    36  usb.o(i.USBEndpointDataToggleClear)
    USBEndpointPacketCountSet                0x0000673f   Thumb Code    12  usb.o(i.USBEndpointPacketCountSet)
    USBEndpointStatus                        0x0000674b   Thumb Code    16  usb.o(i.USBEndpointStatus)
    USBFIFOAddrGet                           0x0000675b   Thumb Code     8  usb.o(i.USBFIFOAddrGet)
    USBFIFOConfigSet                         0x00006763   Thumb Code    64  usb.o(i.USBFIFOConfigSet)
    USBFIFOFlush                             0x000067a3   Thumb Code    80  usb.o(i.USBFIFOFlush)
    USBHCDControlTransfer                    0x000067f5   Thumb Code   558  usbhostenum.o(i.USBHCDControlTransfer)
    USBHCDHubDeviceConnected                 0x00006ae1   Thumb Code    96  usbhostenum.o(i.USBHCDHubDeviceConnected)
    USBHCDHubDeviceDisconnected              0x00006b45   Thumb Code    12  usbhostenum.o(i.USBHCDHubDeviceDisconnected)
    USBHCDInit                               0x00006b55   Thumb Code   228  usbhostenum.o(i.USBHCDInit)
    USBHCDMain                               0x00006df5   Thumb Code   272  usbhostenum.o(i.USBHCDMain)
    USBHCDPipeAllocSize                      0x00006f09   Thumb Code   714  usbhostenum.o(i.USBHCDPipeAllocSize)
    USBHCDPipeConfig                         0x000071e5   Thumb Code   218  usbhostenum.o(i.USBHCDPipeConfig)
    USBHCDPipeFree                           0x000072cd   Thumb Code   278  usbhostenum.o(i.USBHCDPipeFree)
    USBHCDPipeRead                           0x000073f1   Thumb Code   470  usbhostenum.o(i.USBHCDPipeRead)
    USBHCDPipeWrite                          0x000075d5   Thumb Code   432  usbhostenum.o(i.USBHCDPipeWrite)
    USBHCDPowerAutomatic                     0x00007791   Thumb Code    16  usbhostenum.o(i.USBHCDPowerAutomatic)
    USBHCDPowerConfigInit                    0x000077a5   Thumb Code     6  usbhostenum.o(i.USBHCDPowerConfigInit)
    USBHCDPowerConfigSet                     0x000077b1   Thumb Code    74  usbhostenum.o(i.USBHCDPowerConfigSet)
    USBHCDRegisterDrivers                    0x00007805   Thumb Code    12  usbhostenum.o(i.USBHCDRegisterDrivers)
    USBHHubEnumerationComplete               0x00007815   Thumb Code    22  usbhhub.o(i.USBHHubEnumerationComplete)
    USBHHubEnumerationError                  0x00007831   Thumb Code    22  usbhhub.o(i.USBHHubEnumerationError)
    USBHHubInit                              0x0000784d   Thumb Code    50  usbhhub.o(i.USBHHubInit)
    USBHHubMain                              0x00007891   Thumb Code   880  usbhhub.o(i.USBHHubMain)
    USBHMSCBlockRead                         0x00007c09   Thumb Code    50  usbhmsc.o(i.USBHMSCBlockRead)
    USBHMSCDriveOpen                         0x00007c79   Thumb Code    20  usbhmsc.o(i.USBHMSCDriveOpen)
    USBHSCSIRead10                           0x00007d3d   Thumb Code   116  usbhscsi.o(i.USBHSCSIRead10)
    USBHostAddrSet                           0x00007e3d   Thumb Code    22  usb.o(i.USBHostAddrSet)
    USBHostCheckPipes                        0x00007e55   Thumb Code   106  usbhostenum.o(i.USBHostCheckPipes)
    USBHostEndpointConfig                    0x00007ec9   Thumb Code   244  usb.o(i.USBHostEndpointConfig)
    USBHostEndpointDataAck                   0x00007fbd   Thumb Code    32  usb.o(i.USBHostEndpointDataAck)
    USBHostEndpointStatusClear               0x00007fdd   Thumb Code    40  usb.o(i.USBHostEndpointStatusClear)
    USBHostHubAddrSet                        0x00008005   Thumb Code    70  usb.o(i.USBHostHubAddrSet)
    USBHostIntHandlerInternal                0x0000804d   Thumb Code  1118  usbhostenum.o(i.USBHostIntHandlerInternal)
    USBHostLPMConfig                         0x000084b1   Thumb Code    20  usb.o(i.USBHostLPMConfig)
    USBHostMode                              0x000084c9   Thumb Code     8  usb.o(i.USBHostMode)
    USBHostPwrConfig                         0x000084d1   Thumb Code    28  usb.o(i.USBHostPwrConfig)
    USBHostPwrDisable                        0x000084ed   Thumb Code    16  usb.o(i.USBHostPwrDisable)
    USBHostPwrEnable                         0x000084fd   Thumb Code    16  usb.o(i.USBHostPwrEnable)
    USBHostRequestIN                         0x0000850d   Thumb Code    18  usb.o(i.USBHostRequestIN)
    USBHostRequestINClear                    0x0000851f   Thumb Code    22  usb.o(i.USBHostRequestINClear)
    USBHostRequestStatus                     0x00008535   Thumb Code     8  usb.o(i.USBHostRequestStatus)
    USBHostReset                             0x0000853d   Thumb Code    18  usb.o(i.USBHostReset)
    USBHostSpeedGet                          0x0000854f   Thumb Code    44  usb.o(i.USBHostSpeedGet)
    USBHostSuspend                           0x0000857b   Thumb Code    10  usb.o(i.USBHostSuspend)
    USBIntEnableControl                      0x00008585   Thumb Code    38  usb.o(i.USBIntEnableControl)
    USBIntEnableEndpoint                     0x000085b1   Thumb Code    22  usb.o(i.USBIntEnableEndpoint)
    USBIntStatusControl                      0x000085c9   Thumb Code    58  usb.o(i.USBIntStatusControl)
    USBIntStatusEndpoint                     0x00008609   Thumb Code    10  usb.o(i.USBIntStatusEndpoint)
    USBLPMIntEnable                          0x00008613   Thumb Code    12  usb.o(i.USBLPMIntEnable)
    USBLPMIntStatus                          0x0000861f   Thumb Code     6  usb.o(i.USBLPMIntStatus)
    USBLibDMAInit                            0x00008625   Thumb Code   232  usbdma.o(i.USBLibDMAInit)
    USBNumEndpointsGet                       0x00008781   Thumb Code    10  usb.o(i.USBNumEndpointsGet)
    USBOTGMode                               0x0000878b   Thumb Code     8  usb.o(i.USBOTGMode)
    USBOTGSessionRequest                     0x00008793   Thumb Code    22  usb.o(i.USBOTGSessionRequest)
    USBStackModeSet                          0x00008831   Thumb Code    24  usbmode.o(i.USBStackModeSet)
    USBULPIDisable                           0x0000884d   Thumb Code    16  usb.o(i.USBULPIDisable)
    USBULPIEnable                            0x0000885d   Thumb Code    16  usb.o(i.USBULPIEnable)
    USBULPIRegRead                           0x0000886d   Thumb Code    32  usb.o(i.USBULPIRegRead)
    USBULPIRegWrite                          0x0000888d   Thumb Code    32  usb.o(i.USBULPIRegWrite)
    __ARM_fpclassify                         0x000088ad   Thumb Code    48  fpclassify.o(i.__ARM_fpclassify)
    _is_digit                                0x000088dd   Thumb Code    14  __printf_wp.o(i._is_digit)
    uDMAChannelAttributeDisable              0x00008b75   Thumb Code    66  udma.o(i.uDMAChannelAttributeDisable)
    uDMAChannelControlSet                    0x00008bbd   Thumb Code    24  udma.o(i.uDMAChannelControlSet)
    uDMAChannelDisable                       0x00008bdd   Thumb Code    16  udma.o(i.uDMAChannelDisable)
    uDMAChannelEnable                        0x00008bf1   Thumb Code    16  udma.o(i.uDMAChannelEnable)
    uDMAChannelModeGet                       0x00008c05   Thumb Code    34  udma.o(i.uDMAChannelModeGet)
    uDMAChannelTransferSet                   0x00008c2d   Thumb Code   124  udma.o(i.uDMAChannelTransferSet)
    uDMAControlBaseSet                       0x00008cad   Thumb Code     6  udma.o(i.uDMAControlBaseSet)
    uDMAEnable                               0x00008cb9   Thumb Code     8  udma.o(i.uDMAEnable)
    _get_lc_ctype                            0x00009085   Thumb Code    44  lc_ctype_c.o(locale$$code)
    _get_lc_numeric                          0x000090b1   Thumb Code    44  lc_numeric_c.o(locale$$code)
    _fp_init                                 0x000090dd   Thumb Code    10  fpinit.o(x$fpl$fpinit)
    __fplib_config_fpu_vfp                   0x000090e5   Thumb Code     0  fpinit.o(x$fpl$fpinit)
    __fplib_config_pureend_doubles           0x000090e5   Thumb Code     0  fpinit.o(x$fpl$fpinit)
    _printf_fp_dec                           0x000090e7   Thumb Code     4  printf1.o(x$fpl$printf1)
    __I$use$fp                               0x000090ea   Number         0  usenofp.o(x$fpl$usenofp)
    g_sUSBHostMSCClassDriver                 0x00009b5c   Data          16  usbhmsc.o(.constdata)
    Region$$Table$$Base                      0x00009dfc   Number         0  anon$$obj.o(Region$$Table)
    Region$$Table$$Limit                     0x00009e1c   Number         0  anon$$obj.o(Region$$Table)
    __ctype                                  0x00009e29   Data           0  lc_ctype_c.o(locale$$data)
    Load$$INIT_SECTION$$Base                 0x00009f48   Number         0  anon$$obj.o ABSOLUTE
    __init_cmd_help                          0x00009f48   Data          16  osal_console.o(INIT_CMD)
    __init_cmd_printEnv                      0x00009f58   Data          16  osal_console.o(INIT_CMD)
    __init_cmd_setEnv                        0x00009f68   Data          16  osal_console.o(INIT_CMD)
    __init_cmd_getEnv                        0x00009f78   Data          16  osal_console.o(INIT_CMD)
    __init_cmd_saveEnv                       0x00009f88   Data          16  osal_console.o(INIT_CMD)
    __init_cmd_po                            0x00009f98   Data          16  system_task.o(INIT_CMD)
    __init_cmd_lcd                           0x00009fa8   Data          16  system_task.o(INIT_CMD)
    __init_cmd_timer                         0x00009fb8   Data          16  system_task.o(INIT_CMD)
    __init_cmd_dism                          0x00009fc8   Data          16  system_task.o(INIT_CMD)
    __init_cmd_sort                          0x00009fd8   Data          16  system_task.o(INIT_CMD)
    __init_cmd_usbi                          0x00009fe8   Data          16  system_task.o(INIT_CMD)
    __init_cmd_usbs                          0x00009ff8   Data          16  system_task.o(INIT_CMD)
    __init_cmd_eppw                          0x0000a008   Data          16  eprom_driver.o(INIT_CMD)
    __init_cmd_eppr                          0x0000a018   Data          16  eprom_driver.o(INIT_CMD)
    pxCurrentTCB                             0x20000000   Data           4  tasks.o(.data)
    version                                  0x20000054   Data           4  main.o(.data)
    gSysClock                                0x20000058   Data           4  main.o(.data)
    ring_list                                0x20000060   Data           4  osal_ringbuf.o(.data)
    gnext_timeout                            0x20000078   Data           4  osal_timers.o(.data)
    gSysQueue                                0x20000084   Data           4  system_task.o(.data)
    gSystem_t                                0x20000088   Data           4  system_task.o(.data)
    gDisQueue                                0x2000008c   Data           4  display_task.o(.data)
    gMenuHead                                0x20000090   Data           4  display_task.o(.data)
    cur_menu                                 0x20000094   Data           4  display_task.o(.data)
    last_menu                                0x20000098   Data           4  display_task.o(.data)
    g_psMSCInstance                          0x200000e0   Data           4  usb_stick.o(.data)
    g_eState                                 0x200000e4   Data           1  usb_stick.o(.data)
    gUsbQueue                                0x200000e8   Data           4  usb_stick.o(.data)
    g_iUSBMode                               0x2000010c   Data           1  usbmode.o(.data)
    g_eOTGModeState                          0x2000010e   Data           1  usbmode.o(.data)
    g_ui32WaitTicks                          0x20000110   Data           4  usbmode.o(.data)
    g_ui32PollRate                           0x20000114   Data           4  usbmode.o(.data)
    g_bUSBTimerInitialized                   0x20000124   Data           1  usbtick.o(.data)
    g_ui32CurrentUSBTick                     0x20000128   Data           4  usbtick.o(.data)
    g_ui32USBSOFCount                        0x2000012c   Data           4  usbtick.o(.data)
    xQueueRegistry                           0x20000130   Data          80  queue.o(.bss)
    console                                  0x2000c32c   Data         524  serial.o(.bss)
    g_sDMAControlTable                       0x2000c800   Data          96  usb_stick.o(.bss)
    g_pHCDPool                               0x2000c860   Data         128  usb_stick.o(.bss)
    g_pfnTickHandlers                        0x2000d140   Data          24  usbtick.o(.bss)
    g_pvTickInstance                         0x2000d158   Data          24  usbtick.o(.bss)
    __libspace_start                         0x2000d170   Data          96  libspace.o(.bss)
    __temporary_stack_top$libspace           0x2000d1d0   Data           0  libspace.o(.bss)



==============================================================================

Memory Map of the image

  Image Entry point : 0x0000021d

  Load Region LR_IROM1 (Base: 0x00000000, Size: 0x0000a158, Max: 0x00100000, ABSOLUTE, COMPRESSED[0x0000a084])

    Execution Region ER_IROM1 (Base: 0x00000000, Size: 0x00009f48, Max: 0x00100000, ABSOLUTE)

    Base Addr    Size         Type   Attr      Idx    E Section Name        Object

    0x00000000   0x0000021c   Code   RO            3    RESET               startup_rvmdk.o
    0x0000021c   0x00000008   Code   RO         3646  * !!!main             c_w.l(__main.o)
    0x00000224   0x00000034   Code   RO         3966    !!!scatter          c_w.l(__scatter.o)
    0x00000258   0x0000005a   Code   RO         3964    !!dczerorl2         c_w.l(__dczerorl2.o)
    0x000002b2   0x00000002   PAD
    0x000002b4   0x0000001c   Code   RO         3968    !!handler_zi        c_w.l(__scatter_zi.o)
    0x000002d0   0x00000000   Code   RO         3735    .ARM.Collect$$_printf_percent$$00000000  c_w.l(_printf_percent.o)
    0x000002d0   0x00000006   Code   RO         3724    .ARM.Collect$$_printf_percent$$00000001  c_w.l(_printf_n.o)
    0x000002d6   0x00000006   Code   RO         3726    .ARM.Collect$$_printf_percent$$00000002  c_w.l(_printf_p.o)
    0x000002dc   0x00000006   Code   RO         3731    .ARM.Collect$$_printf_percent$$00000003  c_w.l(_printf_f.o)
    0x000002e2   0x00000006   Code   RO         3732    .ARM.Collect$$_printf_percent$$00000004  c_w.l(_printf_e.o)
    0x000002e8   0x00000006   Code   RO         3733    .ARM.Collect$$_printf_percent$$00000005  c_w.l(_printf_g.o)
    0x000002ee   0x00000006   Code   RO         3734    .ARM.Collect$$_printf_percent$$00000006  c_w.l(_printf_a.o)
    0x000002f4   0x0000000a   Code   RO         3739    .ARM.Collect$$_printf_percent$$00000007  c_w.l(_printf_ll.o)
    0x000002fe   0x00000006   Code   RO         3728    .ARM.Collect$$_printf_percent$$00000008  c_w.l(_printf_i.o)
    0x00000304   0x00000006   Code   RO         3729    .ARM.Collect$$_printf_percent$$00000009  c_w.l(_printf_d.o)
    0x0000030a   0x00000006   Code   RO         3730    .ARM.Collect$$_printf_percent$$0000000A  c_w.l(_printf_u.o)
    0x00000310   0x00000006   Code   RO         3727    .ARM.Collect$$_printf_percent$$0000000B  c_w.l(_printf_o.o)
    0x00000316   0x00000006   Code   RO         3725    .ARM.Collect$$_printf_percent$$0000000C  c_w.l(_printf_x.o)
    0x0000031c   0x00000006   Code   RO         3736    .ARM.Collect$$_printf_percent$$0000000D  c_w.l(_printf_lli.o)
    0x00000322   0x00000006   Code   RO         3737    .ARM.Collect$$_printf_percent$$0000000E  c_w.l(_printf_lld.o)
    0x00000328   0x00000006   Code   RO         3738    .ARM.Collect$$_printf_percent$$0000000F  c_w.l(_printf_llu.o)
    0x0000032e   0x00000006   Code   RO         3743    .ARM.Collect$$_printf_percent$$00000010  c_w.l(_printf_llo.o)
    0x00000334   0x00000006   Code   RO         3744    .ARM.Collect$$_printf_percent$$00000011  c_w.l(_printf_llx.o)
    0x0000033a   0x0000000a   Code   RO         3740    .ARM.Collect$$_printf_percent$$00000012  c_w.l(_printf_l.o)
    0x00000344   0x00000006   Code   RO         3722    .ARM.Collect$$_printf_percent$$00000013  c_w.l(_printf_c.o)
    0x0000034a   0x00000006   Code   RO         3723    .ARM.Collect$$_printf_percent$$00000014  c_w.l(_printf_s.o)
    0x00000350   0x00000006   Code   RO         3741    .ARM.Collect$$_printf_percent$$00000015  c_w.l(_printf_lc.o)
    0x00000356   0x00000006   Code   RO         3742    .ARM.Collect$$_printf_percent$$00000016  c_w.l(_printf_ls.o)
    0x0000035c   0x00000004   Code   RO         3781    .ARM.Collect$$_printf_percent$$00000017  c_w.l(_printf_percent_end.o)
    0x00000360   0x00000002   Code   RO         3835    .ARM.Collect$$libinit$$00000000  c_w.l(libinit.o)
    0x00000362   0x00000004   Code   RO         3843    .ARM.Collect$$libinit$$00000001  c_w.l(libinit2.o)
    0x00000366   0x00000000   Code   RO         3847    .ARM.Collect$$libinit$$00000008  c_w.l(libinit2.o)
    0x00000366   0x00000000   Code   RO         3849    .ARM.Collect$$libinit$$0000000A  c_w.l(libinit2.o)
    0x00000366   0x00000000   Code   RO         3851    .ARM.Collect$$libinit$$0000000C  c_w.l(libinit2.o)
    0x00000366   0x00000006   Code   RO         3852    .ARM.Collect$$libinit$$0000000D  c_w.l(libinit2.o)
    0x0000036c   0x00000000   Code   RO         3854    .ARM.Collect$$libinit$$0000000F  c_w.l(libinit2.o)
    0x0000036c   0x0000000c   Code   RO         3855    .ARM.Collect$$libinit$$00000010  c_w.l(libinit2.o)
    0x00000378   0x00000000   Code   RO         3856    .ARM.Collect$$libinit$$00000011  c_w.l(libinit2.o)
    0x00000378   0x00000000   Code   RO         3858    .ARM.Collect$$libinit$$00000013  c_w.l(libinit2.o)
    0x00000378   0x0000000a   Code   RO         3859    .ARM.Collect$$libinit$$00000014  c_w.l(libinit2.o)
    0x00000382   0x00000000   Code   RO         3860    .ARM.Collect$$libinit$$00000015  c_w.l(libinit2.o)
    0x00000382   0x00000000   Code   RO         3862    .ARM.Collect$$libinit$$00000017  c_w.l(libinit2.o)
    0x00000382   0x00000000   Code   RO         3864    .ARM.Collect$$libinit$$00000019  c_w.l(libinit2.o)
    0x00000382   0x00000000   Code   RO         3866    .ARM.Collect$$libinit$$0000001B  c_w.l(libinit2.o)
    0x00000382   0x00000000   Code   RO         3868    .ARM.Collect$$libinit$$0000001D  c_w.l(libinit2.o)
    0x00000382   0x00000000   Code   RO         3870    .ARM.Collect$$libinit$$0000001F  c_w.l(libinit2.o)
    0x00000382   0x00000000   Code   RO         3872    .ARM.Collect$$libinit$$00000021  c_w.l(libinit2.o)
    0x00000382   0x00000000   Code   RO         3874    .ARM.Collect$$libinit$$00000023  c_w.l(libinit2.o)
    0x00000382   0x00000000   Code   RO         3878    .ARM.Collect$$libinit$$0000002A  c_w.l(libinit2.o)
    0x00000382   0x00000000   Code   RO         3880    .ARM.Collect$$libinit$$0000002C  c_w.l(libinit2.o)
    0x00000382   0x00000000   Code   RO         3882    .ARM.Collect$$libinit$$0000002E  c_w.l(libinit2.o)
    0x00000382   0x00000000   Code   RO         3884    .ARM.Collect$$libinit$$00000030  c_w.l(libinit2.o)
    0x00000382   0x00000002   Code   RO         3885    .ARM.Collect$$libinit$$00000031  c_w.l(libinit2.o)
    0x00000384   0x00000002   Code   RO         3905    .ARM.Collect$$libshutdown$$00000000  c_w.l(libshutdown.o)
    0x00000386   0x00000000   Code   RO         3919    .ARM.Collect$$libshutdown$$00000003  c_w.l(libshutdown2.o)
    0x00000386   0x00000000   Code   RO         3922    .ARM.Collect$$libshutdown$$00000006  c_w.l(libshutdown2.o)
    0x00000386   0x00000000   Code   RO         3925    .ARM.Collect$$libshutdown$$00000009  c_w.l(libshutdown2.o)
    0x00000386   0x00000000   Code   RO         3927    .ARM.Collect$$libshutdown$$0000000B  c_w.l(libshutdown2.o)
    0x00000386   0x00000000   Code   RO         3930    .ARM.Collect$$libshutdown$$0000000E  c_w.l(libshutdown2.o)
    0x00000386   0x00000002   Code   RO         3931    .ARM.Collect$$libshutdown$$0000000F  c_w.l(libshutdown2.o)
    0x00000388   0x00000000   Code   RO         3648    .ARM.Collect$$rtentry$$00000000  c_w.l(rtentry.o)
    0x00000388   0x00000000   Code   RO         3753    .ARM.Collect$$rtentry$$00000002  c_w.l(rtentry2.o)
    0x00000388   0x00000006   Code   RO         3765    .ARM.Collect$$rtentry$$00000004  c_w.l(rtentry4.o)
    0x0000038e   0x00000000   Code   RO         3755    .ARM.Collect$$rtentry$$00000009  c_w.l(rtentry2.o)
    0x0000038e   0x00000004   Code   RO         3756    .ARM.Collect$$rtentry$$0000000A  c_w.l(rtentry2.o)
    0x00000392   0x00000000   Code   RO         3758    .ARM.Collect$$rtentry$$0000000C  c_w.l(rtentry2.o)
    0x00000392   0x00000008   Code   RO         3759    .ARM.Collect$$rtentry$$0000000D  c_w.l(rtentry2.o)
    0x0000039a   0x00000002   Code   RO         3841    .ARM.Collect$$rtexit$$00000000  c_w.l(rtexit.o)
    0x0000039c   0x00000000   Code   RO         3887    .ARM.Collect$$rtexit$$00000002  c_w.l(rtexit2.o)
    0x0000039c   0x00000004   Code   RO         3888    .ARM.Collect$$rtexit$$00000003  c_w.l(rtexit2.o)
    0x000003a0   0x00000006   Code   RO         3889    .ARM.Collect$$rtexit$$00000004  c_w.l(rtexit2.o)
    0x000003a6   0x00000002   PAD
    0x000003a8   0x000000ae   Code   RO          205    .emb_text           port.o
    0x00000456   0x00000002   PAD
    0x00000458   0x00000006   Code   RO         1043    .emb_text           driverlib.lib(sysctl.o)
    0x0000045e   0x00000002   PAD
    0x00000460   0x00000018   Code   RO            4    .text               startup_rvmdk.o
    0x00000478   0x0000021c   Code   RO           11    .text               bsp.o
    0x00000694   0x00000094   Code   RO          154    .text               list.o
    0x00000728   0x00000948   Code   RO          166    .text               queue.o
    0x00001070   0x00000d10   Code   RO          181    .text               tasks.o
    0x00001d80   0x000000f0   Code   RO          206    .text               port.o
    0x00001e70   0x000001b0   Code   RO          223    .text               heap_4.o
    0x00002020   0x000001d8   Code   RO          238    .text               main.o
    0x000021f8   0x00000160   Code   RO          295    .text               serial.o
    0x00002358   0x000002a8   Code   RO          328    .text               osal_console.o
    0x00002600   0x0000011c   Code   RO          345    .text               osal_utility.o
    0x0000271c   0x00000180   Code   RO          359    .text               osal_ringbuf.o
    0x0000289c   0x000003f8   Code   RO          376    .text               osal_soft_iic.o
    0x00002c94   0x00000134   Code   RO          397    .text               osal_timers.o
    0x00002dc8   0x0000003c   Code   RO          419    .text               console_task.o
    0x00002e04   0x00000654   Code   RO          440    .text               system_task.o
    0x00003458   0x00000254   Code   RO          478    .text               display_task.o
    0x000036ac   0x0000019c   Code   RO          501    .text               eprom_driver.o
    0x00003848   0x0000033c   Code   RO          524    .text               lcd_driver.o
    0x00003b84   0x00000244   Code   RO          565    .text               usb_stick.o
    0x00003dc8   0x00000024   Code   RO         3622    .text               c_w.l(c89vsprintf.o)
    0x00003dec   0x0000001a   Code   RO         3624    .text               c_w.l(atoi.o)
    0x00003e06   0x00000058   Code   RO         3626    .text               c_w.l(memcmp.o)
    0x00003e5e   0x0000003e   Code   RO         3628    .text               c_w.l(strlen.o)
    0x00003e9c   0x0000008a   Code   RO         3632    .text               c_w.l(rt_memcpy_v6.o)
    0x00003f26   0x00000064   Code   RO         3634    .text               c_w.l(rt_memcpy_w.o)
    0x00003f8a   0x00000010   Code   RO         3636    .text               c_w.l(aeabi_memset.o)
    0x00003f9a   0x00000044   Code   RO         3638    .text               c_w.l(rt_memclr.o)
    0x00003fde   0x0000004e   Code   RO         3640    .text               c_w.l(rt_memclr_w.o)
    0x0000402c   0x00000080   Code   RO         3642    .text               c_w.l(strcmpv7m.o)
    0x000040ac   0x00000006   Code   RO         3644    .text               c_w.l(heapauxi.o)
    0x000040b2   0x00000002   PAD
    0x000040b4   0x00000008   Code   RO         3652    .text               c_w.l(rt_errno_addr_intlibspace.o)
    0x000040bc   0x00000052   Code   RO         3656    .text               c_w.l(_printf_pad.o)
    0x0000410e   0x00000024   Code   RO         3658    .text               c_w.l(_printf_truncate.o)
    0x00004132   0x00000052   Code   RO         3660    .text               c_w.l(_printf_str.o)
    0x00004184   0x00000078   Code   RO         3662    .text               c_w.l(_printf_dec.o)
    0x000041fc   0x0000002a   Code   RO         3664    .text               c_w.l(_printf_charcount.o)
    0x00004226   0x00000002   PAD
    0x00004228   0x00000030   Code   RO         3666    .text               c_w.l(_printf_char_common.o)
    0x00004258   0x0000000a   Code   RO         3668    .text               c_w.l(_sputc.o)
    0x00004262   0x00000002   PAD
    0x00004264   0x000000bc   Code   RO         3670    .text               c_w.l(_printf_wctomb.o)
    0x00004320   0x00000078   Code   RO         3673    .text               c_w.l(_printf_longlong_dec.o)
    0x00004398   0x00000078   Code   RO         3679    .text               c_w.l(_printf_oct_int_ll.o)
    0x00004410   0x0000009c   Code   RO         3699    .text               c_w.l(_printf_hex_int_ll_ptr.o)
    0x000044ac   0x0000018c   Code   RO         3719    .text               c_w.l(__printf_flags_ss_wp.o)
    0x00004638   0x00000070   Code   RO         3745    .text               c_w.l(strtol.o)
    0x000046a8   0x00000008   Code   RO         3749    .text               c_w.l(libspace.o)
    0x000046b0   0x00000010   Code   RO         3767    .text               c_w.l(rt_ctype_table.o)
    0x000046c0   0x0000008a   Code   RO         3769    .text               c_w.l(lludiv10.o)
    0x0000474a   0x000000b8   Code   RO         3771    .text               c_w.l(_printf_intcommon.o)
    0x00004802   0x00000420   Code   RO         3773    .text               c_w.l(_printf_fp_dec.o)
    0x00004c22   0x0000002c   Code   RO         3777    .text               c_w.l(_printf_char.o)
    0x00004c4e   0x0000002c   Code   RO         3779    .text               c_w.l(_printf_wchar.o)
    0x00004c7a   0x0000009e   Code   RO         3782    .text               c_w.l(_strtoul.o)
    0x00004d18   0x00000040   Code   RO         3784    .text               c_w.l(_wcrtomb.o)
    0x00004d58   0x0000004a   Code   RO         3786    .text               c_w.l(sys_stackheap_outer.o)
    0x00004da2   0x00000002   PAD
    0x00004da4   0x00000008   Code   RO         3791    .text               c_w.l(rt_locale_intlibspace.o)
    0x00004dac   0x00000080   Code   RO         3793    .text               c_w.l(_printf_fp_infnan.o)
    0x00004e2c   0x0000001c   Code   RO         3795    .text               c_w.l(_chval.o)
    0x00004e48   0x000000e4   Code   RO         3797    .text               c_w.l(bigflt0.o)
    0x00004f2c   0x0000000c   Code   RO         3828    .text               c_w.l(exit.o)
    0x00004f38   0x0000000c   Code   RO         3897    .text               c_w.l(sys_exit.o)
    0x00004f44   0x00000002   Code   RO         3908    .text               c_w.l(use_no_semi.o)
    0x00004f46   0x00000000   Code   RO         3910    .text               c_w.l(indicate_semi.o)
    0x00004f46   0x0000003e   Code   RO         3800    CL$$btod_d2e        c_w.l(btod.o)
    0x00004f84   0x00000046   Code   RO         3802    CL$$btod_d2e_denorm_low  c_w.l(btod.o)
    0x00004fca   0x00000060   Code   RO         3801    CL$$btod_d2e_norm_op1  c_w.l(btod.o)
    0x0000502a   0x00000338   Code   RO         3810    CL$$btod_div_common  c_w.l(btod.o)
    0x00005362   0x000000c6   Code   RO         3807    CL$$btod_e2e        c_w.l(btod.o)
    0x00005428   0x00000028   Code   RO         3804    CL$$btod_ediv       c_w.l(btod.o)
    0x00005450   0x00000028   Code   RO         3803    CL$$btod_emul       c_w.l(btod.o)
    0x00005478   0x00000244   Code   RO         3809    CL$$btod_mult_common  c_w.l(btod.o)
    0x000056bc   0x00000078   Code   RO         1945    i.ConfigDescAlloc   usblib.lib(usbhostenum.o)
    0x00005734   0x00000044   Code   RO         1946    i.ConfigDescFree    usblib.lib(usbhostenum.o)
    0x00005778   0x0000003e   Code   RO         3203    i.DMAUSBIntHandler  usblib.lib(usbdma.o)
    0x000057b6   0x0000000e   Code   RO         3204    i.DMAUSBIntStatusClear  usblib.lib(usbdma.o)
    0x000057c4   0x00000004   Code   RO         3205    i.DMAUSBStatus      usblib.lib(usbdma.o)
    0x000057c8   0x00000028   Code   RO          600    i.GPIODirModeSet    driverlib.lib(gpio.o)
    0x000057f0   0x0000013e   Code   RO          610    i.GPIOPadConfigSet  driverlib.lib(gpio.o)
    0x0000592e   0x00000002   PAD
    0x00005930   0x00000048   Code   RO          611    i.GPIOPinConfigure  driverlib.lib(gpio.o)
    0x00005978   0x0000001c   Code   RO          621    i.GPIOPinTypeGPIOInput  driverlib.lib(gpio.o)
    0x00005994   0x0000001c   Code   RO          622    i.GPIOPinTypeGPIOOutput  driverlib.lib(gpio.o)
    0x000059b0   0x0000001c   Code   RO          637    i.GPIOPinTypeUART   driverlib.lib(gpio.o)
    0x000059cc   0x0000001c   Code   RO          638    i.GPIOPinTypeUSBAnalog  driverlib.lib(gpio.o)
    0x000059e8   0x0000001c   Code   RO          639    i.GPIOPinTypeUSBDigital  driverlib.lib(gpio.o)
    0x00005a04   0x00000006   Code   RO          643    i.GPIOPinWrite      driverlib.lib(gpio.o)
    0x00005a0a   0x00000002   PAD
    0x00005a0c   0x00000064   Code   RO          927    i.IntDisable        driverlib.lib(interrupt.o)
    0x00005a70   0x00000064   Code   RO          928    i.IntEnable         driverlib.lib(interrupt.o)
    0x00005ad4   0x00000060   Code   RO          929    i.IntIsEnabled      driverlib.lib(interrupt.o)
    0x00005b34   0x0000003c   Code   RO         1947    i.InternalUSBHCDSendEvent  usblib.lib(usbhostenum.o)
    0x00005b70   0x00000038   Code   RO         3499    i.InternalUSBStartOfFrameTick  usblib.lib(usbtick.o)
    0x00005ba8   0x00000038   Code   RO         3500    i.InternalUSBTickInit  usblib.lib(usbtick.o)
    0x00005be0   0x0000001c   Code   RO         2272    i.OTGDeviceDisconnect  usblib.lib(usbmode.o)
    0x00005bfc   0x000003e0   Code   RO         1948    i.ProcessUSBDeviceStateMachine  usblib.lib(usbhostenum.o)
    0x00005fdc   0x000002c8   Code   RO         1047    i.SysCtlClockFreqSet  driverlib.lib(sysctl.o)
    0x000062a4   0x00000028   Code   RO         1079    i.SysCtlPeripheralEnable  driverlib.lib(sysctl.o)
    0x000062cc   0x0000003c   Code   RO         1084    i.SysCtlPeripheralReset  driverlib.lib(sysctl.o)
    0x00006308   0x00000010   Code   RO         1096    i.SysCtlUSBPLLEnable  driverlib.lib(sysctl.o)
    0x00006318   0x00000010   Code   RO         1404    i.UARTCharGetNonBlocking  driverlib.lib(uart.o)
    0x00006328   0x00000010   Code   RO         1406    i.UARTCharPutNonBlocking  driverlib.lib(uart.o)
    0x00006338   0x0000000a   Code   RO         1407    i.UARTCharsAvail    driverlib.lib(uart.o)
    0x00006342   0x0000006e   Code   RO         1411    i.UARTConfigSetExpClk  driverlib.lib(uart.o)
    0x000063b0   0x00000014   Code   RO         1416    i.UARTEnable        driverlib.lib(uart.o)
    0x000063c4   0x00000004   Code   RO         1424    i.UARTIntClear      driverlib.lib(uart.o)
    0x000063c8   0x00000008   Code   RO         1426    i.UARTIntEnable     driverlib.lib(uart.o)
    0x000063d0   0x0000000a   Code   RO         1428    i.UARTIntStatus     driverlib.lib(uart.o)
    0x000063da   0x0000005a   Code   RO         3539    i.ULPIConfigSet     usblib.lib(usbulpi.o)
    0x00006434   0x00000018   Code   RO         1949    i.USB0HostIntHandler  usblib.lib(usbhostenum.o)
    0x0000644c   0x0000000a   Code   RO         2373    i.USBClockEnable    driverlib.lib(usb.o)
    0x00006456   0x0000000a   Code   RO         2374    i.USBControllerVersion  driverlib.lib(usb.o)
    0x00006460   0x0000000a   Code   RO         2376    i.USBDMAChannelAddressSet  driverlib.lib(usb.o)
    0x0000646a   0x00000016   Code   RO         2377    i.USBDMAChannelConfigSet  driverlib.lib(usb.o)
    0x00006480   0x0000000a   Code   RO         2379    i.USBDMAChannelCountSet  driverlib.lib(usb.o)
    0x0000648a   0x00000012   Code   RO         2380    i.USBDMAChannelDisable  driverlib.lib(usb.o)
    0x0000649c   0x00000012   Code   RO         2381    i.USBDMAChannelEnable  driverlib.lib(usb.o)
    0x000064ae   0x00000012   Code   RO         2382    i.USBDMAChannelIntDisable  driverlib.lib(usb.o)
    0x000064c0   0x00000012   Code   RO         2383    i.USBDMAChannelIntEnable  driverlib.lib(usb.o)
    0x000064d2   0x00000006   Code   RO         2384    i.USBDMAChannelIntStatus  driverlib.lib(usb.o)
    0x000064d8   0x0000000e   Code   RO         2385    i.USBDMAChannelStatus  driverlib.lib(usb.o)
    0x000064e6   0x0000007a   Code   RO         3165    i.USBDescGetInterface  usblib.lib(usbdesc.o)
    0x00006560   0x00000040   Code   RO         3166    i.USBDescGetInterfaceEndpoint  usblib.lib(usbdesc.o)
    0x000065a0   0x0000001e   Code   RO         2404    i.USBEndpointDMAChannel  driverlib.lib(usb.o)
    0x000065be   0x00000056   Code   RO         2405    i.USBEndpointDMAConfigSet  driverlib.lib(usb.o)
    0x00006614   0x00000024   Code   RO         2406    i.USBEndpointDMADisable  driverlib.lib(usb.o)
    0x00006638   0x00000024   Code   RO         2407    i.USBEndpointDMAEnable  driverlib.lib(usb.o)
    0x0000665c   0x00000054   Code   RO         2409    i.USBEndpointDataGet  driverlib.lib(usb.o)
    0x000066b0   0x0000003a   Code   RO         2410    i.USBEndpointDataPut  driverlib.lib(usb.o)
    0x000066ea   0x00000030   Code   RO         2411    i.USBEndpointDataSend  driverlib.lib(usb.o)
    0x0000671a   0x00000024   Code   RO         2412    i.USBEndpointDataToggleClear  driverlib.lib(usb.o)
    0x0000673e   0x0000000c   Code   RO         2413    i.USBEndpointPacketCountSet  driverlib.lib(usb.o)
    0x0000674a   0x00000010   Code   RO         2414    i.USBEndpointStatus  driverlib.lib(usb.o)
    0x0000675a   0x00000008   Code   RO         2415    i.USBFIFOAddrGet    driverlib.lib(usb.o)
    0x00006762   0x00000040   Code   RO         2417    i.USBFIFOConfigSet  driverlib.lib(usb.o)
    0x000067a2   0x00000050   Code   RO         2418    i.USBFIFOFlush      driverlib.lib(usb.o)
    0x000067f2   0x00000002   PAD
    0x000067f4   0x00000244   Code   RO         1950    i.USBHCDControlTransfer  usblib.lib(usbhostenum.o)
    0x00006a38   0x000000a8   Code   RO         1956    i.USBHCDDeviceDisconnected  usblib.lib(usbhostenum.o)
    0x00006ae0   0x00000064   Code   RO         1960    i.USBHCDHubDeviceConnected  usblib.lib(usbhostenum.o)
    0x00006b44   0x00000010   Code   RO         1961    i.USBHCDHubDeviceDisconnected  usblib.lib(usbhostenum.o)
    0x00006b54   0x00000100   Code   RO         1962    i.USBHCDInit        usblib.lib(usbhostenum.o)
    0x00006c54   0x000001a0   Code   RO         1963    i.USBHCDInitInternal  usblib.lib(usbhostenum.o)
    0x00006df4   0x00000114   Code   RO         1967    i.USBHCDMain        usblib.lib(usbhostenum.o)
    0x00006f08   0x000002dc   Code   RO         1969    i.USBHCDPipeAllocSize  usblib.lib(usbhostenum.o)
    0x000071e4   0x000000e8   Code   RO         1970    i.USBHCDPipeConfig  usblib.lib(usbhostenum.o)
    0x000072cc   0x00000124   Code   RO         1972    i.USBHCDPipeFree    usblib.lib(usbhostenum.o)
    0x000073f0   0x000001e4   Code   RO         1973    i.USBHCDPipeRead    usblib.lib(usbhostenum.o)
    0x000075d4   0x000001bc   Code   RO         1977    i.USBHCDPipeWrite   usblib.lib(usbhostenum.o)
    0x00007790   0x00000014   Code   RO         1978    i.USBHCDPowerAutomatic  usblib.lib(usbhostenum.o)
    0x000077a4   0x0000000c   Code   RO         1980    i.USBHCDPowerConfigInit  usblib.lib(usbhostenum.o)
    0x000077b0   0x00000054   Code   RO         1981    i.USBHCDPowerConfigSet  usblib.lib(usbhostenum.o)
    0x00007804   0x00000010   Code   RO         1982    i.USBHCDRegisterDrivers  usblib.lib(usbhostenum.o)
    0x00007814   0x0000001c   Code   RO         3352    i.USBHHubEnumerationComplete  usblib.lib(usbhhub.o)
    0x00007830   0x0000001c   Code   RO         3353    i.USBHHubEnumerationError  usblib.lib(usbhhub.o)
    0x0000784c   0x00000044   Code   RO         3354    i.USBHHubInit       usblib.lib(usbhhub.o)
    0x00007890   0x00000378   Code   RO         3357    i.USBHHubMain       usblib.lib(usbhhub.o)
    0x00007c08   0x00000032   Code   RO         1854    i.USBHMSCBlockRead  usblib.lib(usbhmsc.o)
    0x00007c3a   0x00000002   PAD
    0x00007c3c   0x0000003c   Code   RO         1856    i.USBHMSCClose      usblib.lib(usbhmsc.o)
    0x00007c78   0x00000018   Code   RO         1858    i.USBHMSCDriveOpen  usblib.lib(usbhmsc.o)
    0x00007c90   0x000000ac   Code   RO         1862    i.USBHMSCOpen       usblib.lib(usbhmsc.o)
    0x00007d3c   0x00000074   Code   RO         3434    i.USBHSCSIRead10    usblib.lib(usbhscsi.o)
    0x00007db0   0x0000008c   Code   RO         3438    i.USBHSCSISendCommand  usblib.lib(usbhscsi.o)
    0x00007e3c   0x00000016   Code   RO         2422    i.USBHostAddrSet    driverlib.lib(usb.o)
    0x00007e52   0x00000002   PAD
    0x00007e54   0x00000074   Code   RO         1991    i.USBHostCheckPipes  usblib.lib(usbhostenum.o)
    0x00007ec8   0x000000f4   Code   RO         2423    i.USBHostEndpointConfig  driverlib.lib(usb.o)
    0x00007fbc   0x00000020   Code   RO         2424    i.USBHostEndpointDataAck  driverlib.lib(usb.o)
    0x00007fdc   0x00000028   Code   RO         2428    i.USBHostEndpointStatusClear  driverlib.lib(usb.o)
    0x00008004   0x00000046   Code   RO         2430    i.USBHostHubAddrSet  driverlib.lib(usb.o)
    0x0000804a   0x00000002   PAD
    0x0000804c   0x00000464   Code   RO         1992    i.USBHostIntHandlerInternal  usblib.lib(usbhostenum.o)
    0x000084b0   0x00000018   Code   RO         2431    i.USBHostLPMConfig  driverlib.lib(usb.o)
    0x000084c8   0x00000008   Code   RO         2434    i.USBHostMode       driverlib.lib(usb.o)
    0x000084d0   0x0000001c   Code   RO         2435    i.USBHostPwrConfig  driverlib.lib(usb.o)
    0x000084ec   0x00000010   Code   RO         2436    i.USBHostPwrDisable  driverlib.lib(usb.o)
    0x000084fc   0x00000010   Code   RO         2437    i.USBHostPwrEnable  driverlib.lib(usb.o)
    0x0000850c   0x00000012   Code   RO         2440    i.USBHostRequestIN  driverlib.lib(usb.o)
    0x0000851e   0x00000016   Code   RO         2441    i.USBHostRequestINClear  driverlib.lib(usb.o)
    0x00008534   0x00000008   Code   RO         2442    i.USBHostRequestStatus  driverlib.lib(usb.o)
    0x0000853c   0x00000012   Code   RO         2443    i.USBHostReset      driverlib.lib(usb.o)
    0x0000854e   0x0000002c   Code   RO         2445    i.USBHostSpeedGet   driverlib.lib(usb.o)
    0x0000857a   0x0000000a   Code   RO         2446    i.USBHostSuspend    driverlib.lib(usb.o)
    0x00008584   0x0000002c   Code   RO         2449    i.USBIntEnableControl  driverlib.lib(usb.o)
    0x000085b0   0x00000016   Code   RO         2450    i.USBIntEnableEndpoint  driverlib.lib(usb.o)
    0x000085c6   0x00000002   PAD
    0x000085c8   0x00000040   Code   RO         2452    i.USBIntStatusControl  driverlib.lib(usb.o)
    0x00008608   0x0000000a   Code   RO         2453    i.USBIntStatusEndpoint  driverlib.lib(usb.o)
    0x00008612   0x0000000c   Code   RO         2457    i.USBLPMIntEnable   driverlib.lib(usb.o)
    0x0000861e   0x00000006   Code   RO         2458    i.USBLPMIntStatus   driverlib.lib(usb.o)
    0x00008624   0x0000015c   Code   RO         3206    i.USBLibDMAInit     usblib.lib(usbdma.o)
    0x00008780   0x0000000a   Code   RO         2463    i.USBNumEndpointsGet  driverlib.lib(usb.o)
    0x0000878a   0x00000008   Code   RO         2464    i.USBOTGMode        driverlib.lib(usb.o)
    0x00008792   0x00000016   Code   RO         2465    i.USBOTGSessionRequest  driverlib.lib(usb.o)
    0x000087a8   0x00000088   Code   RO         2282    i.USBOTGSetMode     usblib.lib(usbmode.o)
    0x00008830   0x0000001c   Code   RO         2283    i.USBStackModeSet   usblib.lib(usbmode.o)
    0x0000884c   0x00000010   Code   RO         2469    i.USBULPIDisable    driverlib.lib(usb.o)
    0x0000885c   0x00000010   Code   RO         2470    i.USBULPIEnable     driverlib.lib(usb.o)
    0x0000886c   0x00000020   Code   RO         2471    i.USBULPIRegRead    driverlib.lib(usb.o)
    0x0000888c   0x00000020   Code   RO         2472    i.USBULPIRegWrite   driverlib.lib(usb.o)
    0x000088ac   0x00000030   Code   RO         3839    i.__ARM_fpclassify  m_wm.l(fpclassify.o)
    0x000088dc   0x0000000e   Code   RO         3712    i._is_digit         c_w.l(__printf_wp.o)
    0x000088ea   0x00000002   Code   RO         3207    i.iDMAUSBArbSizeSet  usblib.lib(usbdma.o)
    0x000088ec   0x00000084   Code   RO         3208    i.iDMAUSBChannelAllocate  usblib.lib(usbdma.o)
    0x00008970   0x00000034   Code   RO         3209    i.iDMAUSBChannelDisable  usblib.lib(usbdma.o)
    0x000089a4   0x00000052   Code   RO         3210    i.iDMAUSBChannelEnable  usblib.lib(usbdma.o)
    0x000089f6   0x00000008   Code   RO         3211    i.iDMAUSBChannelIntDisable  usblib.lib(usbdma.o)
    0x000089fe   0x00000008   Code   RO         3212    i.iDMAUSBChannelIntEnable  usblib.lib(usbdma.o)
    0x00008a06   0x0000003e   Code   RO         3213    i.iDMAUSBChannelRelease  usblib.lib(usbdma.o)
    0x00008a44   0x00000038   Code   RO         3214    i.iDMAUSBChannelStatus  usblib.lib(usbdma.o)
    0x00008a7c   0x00000006   Code   RO         3215    i.iDMAUSBIntStatus  usblib.lib(usbdma.o)
    0x00008a82   0x000000f0   Code   RO         3216    i.iDMAUSBTransfer   usblib.lib(usbdma.o)
    0x00008b72   0x00000002   Code   RO         3217    i.iDMAUSBUnitSizeSet  usblib.lib(usbdma.o)
    0x00008b74   0x00000048   Code   RO         1687    i.uDMAChannelAttributeDisable  driverlib.lib(udma.o)
    0x00008bbc   0x00000020   Code   RO         1690    i.uDMAChannelControlSet  driverlib.lib(udma.o)
    0x00008bdc   0x00000014   Code   RO         1691    i.uDMAChannelDisable  driverlib.lib(udma.o)
    0x00008bf0   0x00000014   Code   RO         1692    i.uDMAChannelEnable  driverlib.lib(udma.o)
    0x00008c04   0x00000028   Code   RO         1694    i.uDMAChannelModeGet  driverlib.lib(udma.o)
    0x00008c2c   0x00000080   Code   RO         1700    i.uDMAChannelTransferSet  driverlib.lib(udma.o)
    0x00008cac   0x0000000c   Code   RO         1703    i.uDMAControlBaseSet  driverlib.lib(udma.o)
    0x00008cb8   0x0000000c   Code   RO         1705    i.uDMAEnable        driverlib.lib(udma.o)
    0x00008cc4   0x00000068   Code   RO         3218    i.uDMAUSBArbSizeSet  usblib.lib(usbdma.o)
    0x00008d2c   0x000000c0   Code   RO         3219    i.uDMAUSBChannelAllocate  usblib.lib(usbdma.o)
    0x00008dec   0x00000058   Code   RO         3220    i.uDMAUSBChannelDisable  usblib.lib(usbdma.o)
    0x00008e44   0x0000006a   Code   RO         3221    i.uDMAUSBChannelEnable  usblib.lib(usbdma.o)
    0x00008eae   0x00000002   Code   RO         3222    i.uDMAUSBChannelIntDisable  usblib.lib(usbdma.o)
    0x00008eb0   0x00000002   Code   RO         3223    i.uDMAUSBChannelIntEnable  usblib.lib(usbdma.o)
    0x00008eb2   0x0000005a   Code   RO         3224    i.uDMAUSBChannelRelease  usblib.lib(usbdma.o)
    0x00008f0c   0x00000026   Code   RO         3225    i.uDMAUSBChannelStatus  usblib.lib(usbdma.o)
    0x00008f32   0x00000036   Code   RO         3226    i.uDMAUSBIntStatus  usblib.lib(usbdma.o)
    0x00008f68   0x000000c8   Code   RO         3227    i.uDMAUSBTransfer   usblib.lib(usbdma.o)
    0x00009030   0x00000054   Code   RO         3228    i.uDMAUSBUnitSizeSet  usblib.lib(usbdma.o)
    0x00009084   0x0000002c   Code   RO         3823    locale$$code        c_w.l(lc_ctype_c.o)
    0x000090b0   0x0000002c   Code   RO         3826    locale$$code        c_w.l(lc_numeric_c.o)
    0x000090dc   0x0000000a   Code   RO         3895    x$fpl$fpinit        fz_wm.l(fpinit.o)
    0x000090e6   0x00000004   Code   RO         3747    x$fpl$printf1       fz_wm.l(printf1.o)
    0x000090ea   0x00000000   Code   RO         3838    x$fpl$usenofp       fz_wm.l(usenofp.o)
    0x000090ea   0x00000014   Data   RO          183    .constdata          tasks.o
    0x000090fe   0x00000002   PAD
    0x00009100   0x00000400   Data   RO          346    .constdata          osal_utility.o
    0x00009500   0x00000048   Data   RO          360    .constdata          osal_ringbuf.o
    0x00009548   0x00000025   Data   RO          377    .constdata          osal_soft_iic.o
    0x0000956d   0x00000003   PAD
    0x00009570   0x000000ca   Data   RO          441    .constdata          system_task.o
    0x0000963a   0x0000000d   Data   RO          479    .constdata          display_task.o
    0x00009647   0x00000019   Data   RO          502    .constdata          eprom_driver.o
    0x00009660   0x00000013   Data   RO          567    .constdata          usb_stick.o
    0x00009673   0x00000001   PAD
    0x00009674   0x00000210   Data   RO          644    .constdata          driverlib.lib(gpio.o)
    0x00009884   0x0000010c   Data   RO          944    .constdata          driverlib.lib(interrupt.o)
    0x00009990   0x000001cc   Data   RO         1100    .constdata          driverlib.lib(sysctl.o)
    0x00009b5c   0x00000010   Data   RO         1864    .constdata          usblib.lib(usbhmsc.o)
    0x00009b6c   0x00000008   Data   RO         3671    .constdata          c_w.l(_printf_wctomb.o)
    0x00009b74   0x00000028   Data   RO         3700    .constdata          c_w.l(_printf_hex_int_ll_ptr.o)
    0x00009b9c   0x00000011   Data   RO         3720    .constdata          c_w.l(__printf_flags_ss_wp.o)
    0x00009bad   0x00000003   PAD
    0x00009bb0   0x00000094   Data   RO         3798    .constdata          c_w.l(bigflt0.o)
    0x00009c44   0x00000007   Data   RO          239    .conststring        main.o
    0x00009c4b   0x0000005b   Data   RO          442    .conststring        system_task.o
    0x00009ca6   0x000000cf   Data   RO          329    .conststrlit        osal_console.o
    0x00009d75   0x0000005a   Data   RO          443    .conststrlit        system_task.o
    0x00009dcf   0x0000002d   Data   RO          503    .conststrlit        eprom_driver.o
    0x00009dfc   0x00000020   Data   RO         3962    Region$$Table       anon$$obj.o
    0x00009e1c   0x00000110   Data   RO         3822    locale$$data        c_w.l(lc_ctype_c.o)
    0x00009f2c   0x0000001c   Data   RO         3825    locale$$data        c_w.l(lc_numeric_c.o)


    Execution Region INIT_SECTION (Base: 0x00009f48, Size: 0x000000e0, Max: 0xffffffff, ABSOLUTE)

    Base Addr    Size         Type   Attr      Idx    E Section Name        Object

    0x00009f48   0x00000050   Data   RO          330    INIT_CMD            osal_console.o
    0x00009f98   0x00000070   Data   RO          445    INIT_CMD            system_task.o
    0x0000a008   0x00000020   Data   RO          504    INIT_CMD            eprom_driver.o


    Execution Region RW_IRAM1 (Base: 0x20000000, Size: 0x0000d9d0, Max: 0x00040000, ABSOLUTE, COMPRESSED[0x0000005c])

    Base Addr    Size         Type   Attr      Idx    E Section Name        Object

    0x20000000   0x0000003c   Data   RW          184    .data               tasks.o
    0x2000003c   0x00000004   Data   RW          207    .data               port.o
    0x20000040   0x00000014   Data   RW          225    .data               heap_4.o
    0x20000054   0x00000008   Data   RW          240    .data               main.o
    0x2000005c   0x00000001   Data   RW          297    .data               serial.o
    0x2000005d   0x00000003   PAD
    0x20000060   0x00000004   Data   RW          361    .data               osal_ringbuf.o
    0x20000064   0x00000014   Data   RW          378    .data               osal_soft_iic.o
    0x20000078   0x00000004   Data   RW          398    .data               osal_timers.o
    0x2000007c   0x00000010   Data   RW          444    .data               system_task.o
    0x2000008c   0x00000010   Data   RW          480    .data               display_task.o
    0x2000009c   0x00000040   Data   RW          525    .data               lcd_driver.o
    0x200000dc   0x00000010   Data   RW          568    .data               usb_stick.o
    0x200000ec   0x00000020   Data   RW         1994    .data               usblib.lib(usbhostenum.o)
    0x2000010c   0x00000010   Data   RW         2284    .data               usblib.lib(usbmode.o)
    0x2000011c   0x00000008   Data   RW         3361    .data               usblib.lib(usbhhub.o)
    0x20000124   0x00000008   Data   RW         3503    .data               usblib.lib(usbtick.o)
    0x2000012c   0x00000004   Data   RW         3504    .data               usblib.lib(usbtick.o)
    0x20000130   0x00000050   Zero   RW          167    .bss                queue.o
    0x20000180   0x0000012c   Zero   RW          182    .bss                tasks.o
    0x200002ac   0x0000c000   Zero   RW          224    .bss                heap_4.o
    0x2000c2ac   0x0000028c   Zero   RW          296    .bss                serial.o
    0x2000c538   0x000002c8   PAD
    0x2000c800   0x000000e0   Zero   RW          566    .bss                usb_stick.o
    0x2000c8e0   0x0000001c   Zero   RW         1863    .bss                usblib.lib(usbhmsc.o)
    0x2000c8fc   0x00000698   Zero   RW         1993    .bss                usblib.lib(usbhostenum.o)
    0x2000cf94   0x00000110   Zero   RW         3229    .bss                usblib.lib(usbdma.o)
    0x2000d0a4   0x0000009c   Zero   RW         3359    .bss                usblib.lib(usbhhub.o)
    0x2000d140   0x00000030   Zero   RW         3502    .bss                usblib.lib(usbtick.o)
    0x2000d170   0x00000060   Zero   RW         3750    .bss                c_w.l(libspace.o)
    0x2000d1d0   0x00000000   Zero   RW            2    HEAP                startup_rvmdk.o
    0x2000d1d0   0x00000800   Zero   RW            1    STACK               startup_rvmdk.o


==============================================================================

Image component sizes


      Code (inc. data)   RO Data    RW Data    ZI Data      Debug   Object Name

       540         58          0          0          0       5682   bsp.o
        60         26          0          0          0       1043   console_task.o
       596        102         13         16          0       2901   display_task.o
       412         56        102          0          0       2716   eprom_driver.o
       432         22          0         20      49152       2932   heap_4.o
       828         96          0         64          0       2598   lcd_driver.o
       148          0          0          0          0       1810   list.o
       472        274          7          8          0       3062   main.o
       680        260        287          0          0       4143   osal_console.o
       384         74         72          4          0       2185   osal_ringbuf.o
      1016        126         37         20          0       4279   osal_soft_iic.o
       308         48          0          4          0       1730   osal_timers.o
       284         18       1024          0          0       2052   osal_utility.o
       414         40          0          4          0       2799   port.o
      2376          6          0          0         80      12885   queue.o
       352         38          0          1        652      20568   serial.o
       564        528          0          0       2048        420   startup_rvmdk.o
      1620        438        495         16          0       8003   system_task.o
      3344        220         20         60        300      15256   tasks.o
         0          0          0          0          0       9136   timers.o
       580        188         19         16        224       4590   usb_stick.o

    ----------------------------------------------------------------------
     15412       2618       2114        236      53168     110790   Object Totals
         0          0         32          0          0          0   (incl. Generated)
         2          0          6          3        712          0   (incl. Padding)

    ----------------------------------------------------------------------

      Code (inc. data)   RO Data    RW Data    ZI Data      Debug   Library Member Name

        90          0          0          0          0          0   __dczerorl2.o
         8          0          0          0          0         68   __main.o
       396          6         17          0          0         92   __printf_flags_ss_wp.o
        14          0          0          0          0         68   __printf_wp.o
        52          8          0          0          0          0   __scatter.o
        28          0          0          0          0          0   __scatter_zi.o
        28          0          0          0          0         68   _chval.o
         6          0          0          0          0          0   _printf_a.o
         6          0          0          0          0          0   _printf_c.o
        44          0          0          0          0        108   _printf_char.o
        48          6          0          0          0         96   _printf_char_common.o
        42          0          0          0          0         68   _printf_charcount.o
         6          0          0          0          0          0   _printf_d.o
       120         18          0          0          0         92   _printf_dec.o
         6          0          0          0          0          0   _printf_e.o
         6          0          0          0          0          0   _printf_f.o
      1056          0          0          0          0        216   _printf_fp_dec.o
       128         16          0          0          0         84   _printf_fp_infnan.o
         6          0          0          0          0          0   _printf_g.o
       156          6         40          0          0        160   _printf_hex_int_ll_ptr.o
         6          0          0          0          0          0   _printf_i.o
       184          0          0          0          0         88   _printf_intcommon.o
        10          0          0          0          0          0   _printf_l.o
         6          0          0          0          0          0   _printf_lc.o
        10          0          0          0          0          0   _printf_ll.o
         6          0          0          0          0          0   _printf_lld.o
         6          0          0          0          0          0   _printf_lli.o
         6          0          0          0          0          0   _printf_llo.o
         6          0          0          0          0          0   _printf_llu.o
         6          0          0          0          0          0   _printf_llx.o
       120         16          0          0          0         92   _printf_longlong_dec.o
         6          0          0          0          0          0   _printf_ls.o
         6          0          0          0          0          0   _printf_n.o
         6          0          0          0          0          0   _printf_o.o
       120          8          0          0          0        124   _printf_oct_int_ll.o
         6          0          0          0          0          0   _printf_p.o
        82          0          0          0          0        108   _printf_pad.o
         0          0          0          0          0          0   _printf_percent.o
         4          0          0          0          0          0   _printf_percent_end.o
         6          0          0          0          0          0   _printf_s.o
        82          0          0          0          0         80   _printf_str.o
        36          0          0          0          0         84   _printf_truncate.o
         6          0          0          0          0          0   _printf_u.o
        44          0          0          0          0        108   _printf_wchar.o
       188          6          8          0          0         92   _printf_wctomb.o
         6          0          0          0          0          0   _printf_x.o
        10          0          0          0          0         68   _sputc.o
       158          0          0          0          0         92   _strtoul.o
        64          0          0          0          0         92   _wcrtomb.o
        16          0          0          0          0         68   aeabi_memset.o
        26          0          0          0          0         80   atoi.o
       228          6        148          0          0         96   bigflt0.o
      1910        128          0          0          0        672   btod.o
        36          4          0          0          0         76   c89vsprintf.o
        12          0          0          0          0         72   exit.o
         6          0          0          0          0        152   heapauxi.o
         0          0          0          0          0          0   indicate_semi.o
        44         10        272          0          0         76   lc_ctype_c.o
        44         10         28          0          0         76   lc_numeric_c.o
         2          0          0          0          0          0   libinit.o
        34          0          0          0          0          0   libinit2.o
         2          0          0          0          0          0   libshutdown.o
         2          0          0          0          0          0   libshutdown2.o
         8          4          0          0         96         68   libspace.o
       138          0          0          0          0         80   lludiv10.o
        88          0          0          0          0         76   memcmp.o
        16          4          0          0          0         76   rt_ctype_table.o
         8          4          0          0          0         68   rt_errno_addr_intlibspace.o
         8          4          0          0          0         68   rt_locale_intlibspace.o
        68          0          0          0          0         68   rt_memclr.o
        78          0          0          0          0         80   rt_memclr_w.o
       138          0          0          0          0         68   rt_memcpy_v6.o
       100          0          0          0          0         80   rt_memcpy_w.o
         0          0          0          0          0          0   rtentry.o
        12          0          0          0          0          0   rtentry2.o
         6          0          0          0          0          0   rtentry4.o
         2          0          0          0          0          0   rtexit.o
        10          0          0          0          0          0   rtexit2.o
       128          0          0          0          0         68   strcmpv7m.o
        62          0          0          0          0         76   strlen.o
       112          0          0          0          0         88   strtol.o
        12          4          0          0          0         68   sys_exit.o
        74          0          0          0          0         80   sys_stackheap_outer.o
         2          0          0          0          0         68   use_no_semi.o
       576          8        528          0          0       8326   gpio.o
       296         24        268          0          0       2404   interrupt.o
       834         52        460          0          0       4899   sysctl.o
       194          0          0          0          0       4481   uart.o
       336         42          0          0          0      18803   udma.o
      1662         16          0          0          0      26976   usb.o
        10          0          0          0          0        116   fpinit.o
         4          0          0          0          0        116   printf1.o
         0          0          0          0          0          0   usenofp.o
        48          0          0          0          0        124   fpclassify.o
       186          0          0          0          0      12117   usbdesc.o
      2038        124          0          0        272      14196   usbdma.o
      1012         38          0          8        156       9837   usbhhub.o
       306         16         16          0         28      22212   usbhmsc.o
      6632        320          0         32       1688      26671   usbhostenum.o
       256         12          0          0          0       1957   usbhscsi.o
       192         18          0         16          0       2908   usbmode.o
       112         20          0         12         48      14995   usbtick.o
        90          0          0          0          0        528   usbulpi.o

    ----------------------------------------------------------------------
     21686        958       1788         68       2288     176362   Library Totals
        28          0          3          0          0          0   (incl. Padding)

    ----------------------------------------------------------------------

      Code (inc. data)   RO Data    RW Data    ZI Data      Debug   Library Name

      6874        268        513          0         96       4696   c_w.l
      3898        142       1256          0          0      65889   driverlib.lib
        14          0          0          0          0        232   fz_wm.l
        48          0          0          0          0        124   m_wm.l
     10824        548         16         68       2192     105421   usblib.lib

    ----------------------------------------------------------------------
     21686        958       1788         68       2288     176362   Library Totals

    ----------------------------------------------------------------------

==============================================================================


      Code (inc. data)   RO Data    RW Data    ZI Data      Debug   

     37098       3576       3902        304      55456     265996   Grand Totals
     37098       3576       3902         92      55456     265996   ELF Image Totals (compressed)
     37098       3576       3902         92          0          0   ROM Totals

==============================================================================

    Total RO  Size (Code + RO Data)                41000 (  40.04kB)
    Total RW  Size (RW Data + ZI Data)             55760 (  54.45kB)
    Total ROM Size (Code + RO Data + RW Data)      41092 (  40.13kB)

==============================================================================

