<html>
<body>
<pre>
<h1>µVision Build Log</h1>
<h2>Project:</h2>
E:\Project\Git\usb_stick\Rock700AMP.uvproj
Project File Date:  09/09/2015

<h2>Output:</h2>
Build target 'NAD_C358'
compiling System_Task.c...
Task\System_Task.c(270): warning:  #188-D: enumerated type mixed with another type
Task\System_Task.c(270): warning:  #188-D: enumerated type mixed with another type
Task\System_Task.c(24): warning:  #177-D: variable "protect_name" was declared but never referenced
Task\System_Task.c(36): warning:  #177-D: function "sys_audio_config_load" was declared but never referenced
Task\System_Task.c(37): warning:  #177-D: function "sys_bled_flash" was declared but never referenced
Task\System_Task.c(38): warning:  #177-D: function "power_on_timeout" was declared but never referenced
linking...
Program Size: Code=23154 RO-data=3806 RW-data=220 ZI-data=52332  
".\build\NAD_C358.axf" - 0 Errors, 6 Warning(s).
Build target 'NAD_C358'
linking...
Program Size: Code=23154 RO-data=3806 RW-data=220 ZI-data=52332  
".\build\NAD_C358.axf" - 0 Errors, 0 Warning(s).
Build target 'NAD_C358'
compiling bsp.c...
compiling timers.c...
compiling croutine.c...
compiling list.c...
compiling queue.c...
compiling tasks.c...
compiling port.c...
FreeRTOS\portable\port.c(479): warning: A1581W: Added 2 bytes of padding at address 0x8e
compiling heap_4.c...
compiling main.c...
compiling serial.c...
compiling OSAL_Console.c...
compiling OSAL_Utility.c...
compiling OSAL_RingBuf.c...
compiling OSAL_Soft_IIC.c...
compiling osal_timers.c...
compiling Console_Task.c...
compiling System_Task.c...
Task\System_Task.c(270): warning:  #188-D: enumerated type mixed with another type
Task\System_Task.c(270): warning:  #188-D: enumerated type mixed with another type
Task\System_Task.c(24): warning:  #177-D: variable "protect_name" was declared but never referenced
Task\System_Task.c(36): warning:  #177-D: function "sys_audio_config_load" was declared but never referenced
Task\System_Task.c(37): warning:  #177-D: function "sys_bled_flash" was declared but never referenced
Task\System_Task.c(38): warning:  #177-D: function "power_on_timeout" was declared but never referenced
compiling Display_Task.c...
Task\Display_Task.c(29): warning:  #177-D: function "dis_print" was declared but never referenced
compiling EPRom_driver.c...
compiling lcd_driver.c...
compiling simple_fs.c...
linking...
.\build\NAD_C358.axf: Error: L6218E: Undefined symbol SimpleFsReadMediaSector (referred from simple_fs.o).
".\build\NAD_C358.axf" - 1 Errors, 8 Warning(s).
Target not created
Build target 'NAD_C358'
assembling startup_rvmdk.S...
compiling bsp.c...
compiling main.c...
compiling serial.c...
compiling OSAL_Console.c...
compiling OSAL_Utility.c...
compiling OSAL_RingBuf.c...
compiling OSAL_Soft_IIC.c...
compiling osal_timers.c...
compiling Console_Task.c...
compiling System_Task.c...
Task\System_Task.c(270): warning:  #188-D: enumerated type mixed with another type
Task\System_Task.c(270): warning:  #188-D: enumerated type mixed with another type
Task\System_Task.c(24): warning:  #177-D: variable "protect_name" was declared but never referenced
Task\System_Task.c(36): warning:  #177-D: function "sys_audio_config_load" was declared but never referenced
Task\System_Task.c(37): warning:  #177-D: function "sys_bled_flash" was declared but never referenced
Task\System_Task.c(38): warning:  #177-D: function "power_on_timeout" was declared but never referenced
compiling Display_Task.c...
Task\Display_Task.c(29): warning:  #177-D: function "dis_print" was declared but never referenced
compiling EPRom_driver.c...
compiling lcd_driver.c...
compiling simple_fs.c...
compiling usb_stick.c...
linking...
Program Size: Code=36654 RO-data=3826 RW-data=296 ZI-data=55464  
".\build\NAD_C358.axf" - 0 Errors, 7 Warning(s).
Build target 'NAD_C358'
compiling usb_stick.c...
linking...
Program Size: Code=36654 RO-data=3826 RW-data=296 ZI-data=55464  
".\build\NAD_C358.axf" - 0 Errors, 0 Warning(s).
Build target 'NAD_C358'
compiling bsp.c...
compiling main.c...
compiling serial.c...
compiling OSAL_Console.c...
compiling OSAL_Utility.c...
compiling OSAL_RingBuf.c...
compiling OSAL_Soft_IIC.c...
compiling osal_timers.c...
compiling Console_Task.c...
compiling System_Task.c...
Task\System_Task.c(270): warning:  #188-D: enumerated type mixed with another type
Task\System_Task.c(270): warning:  #188-D: enumerated type mixed with another type
Task\System_Task.c(24): warning:  #177-D: variable "protect_name" was declared but never referenced
Task\System_Task.c(36): warning:  #177-D: function "sys_audio_config_load" was declared but never referenced
Task\System_Task.c(37): warning:  #177-D: function "sys_bled_flash" was declared but never referenced
Task\System_Task.c(38): warning:  #177-D: function "power_on_timeout" was declared but never referenced
compiling Display_Task.c...
Task\Display_Task.c(29): warning:  #177-D: function "dis_print" was declared but never referenced
compiling EPRom_driver.c...
compiling lcd_driver.c...
compiling usb_stick.c...
linking...
Program Size: Code=36870 RO-data=3842 RW-data=300 ZI-data=55460  
".\build\NAD_C358.axf" - 0 Errors, 7 Warning(s).
Build target 'NAD_C358'
compiling main.c...
compiling usb_stick.c...
linking...
Program Size: Code=36894 RO-data=3842 RW-data=304 ZI-data=55456  
".\build\NAD_C358.axf" - 0 Errors, 0 Warning(s).
Build target 'NAD_C358'
compiling bsp.c...
compiling main.c...
compiling serial.c...
compiling OSAL_Console.c...
compiling OSAL_Utility.c...
compiling OSAL_RingBuf.c...
compiling OSAL_Soft_IIC.c...
compiling osal_timers.c...
compiling Console_Task.c...
compiling System_Task.c...
Task\System_Task.c(270): warning:  #188-D: enumerated type mixed with another type
Task\System_Task.c(270): warning:  #188-D: enumerated type mixed with another type
Task\System_Task.c(24): warning:  #177-D: variable "protect_name" was declared but never referenced
Task\System_Task.c(36): warning:  #177-D: function "sys_audio_config_load" was declared but never referenced
Task\System_Task.c(37): warning:  #177-D: function "sys_bled_flash" was declared but never referenced
Task\System_Task.c(38): warning:  #177-D: function "power_on_timeout" was declared but never referenced
compiling Display_Task.c...
Task\Display_Task.c(29): warning:  #177-D: function "dis_print" was declared but never referenced
compiling EPRom_driver.c...
compiling lcd_driver.c...
compiling usb_stick.c...
linking...
Program Size: Code=37038 RO-data=3874 RW-data=304 ZI-data=55456  
".\build\NAD_C358.axf" - 0 Errors, 7 Warning(s).
Build target 'NAD_C358'
linking...
Program Size: Code=37038 RO-data=3874 RW-data=304 ZI-data=55456  
".\build\NAD_C358.axf" - 0 Errors, 0 Warning(s).
Load "E:\\Project\\Git\\usb_stick\\build\\NAD_C358.axf" 
* JLink Info: Device "UNSPECIFIED" selected (0 KB flash, 0 KB RAM).
Set JLink Project File to "E:\Project\Git\usb_stick\JLinkSettings.ini"
* JLink Info: Device "UNSPECIFIED" selected (0 KB flash, 0 KB RAM).
 
JLink info:
------------
DLL: V4.68a, compiled Apr 12 2013 13:26:50
Firmware: J-Link ARM V7 compiled Jun 20 2012 19:45:53
Hardware: V7.00
Feature(s) : RDI, FlashBP, FlashDL, JFlash, GDBFULL 
 
Load "E:\\Project\\Git\\usb_stick\\build\\NAD_C358.axf" 
* JLink Info: Device "UNSPECIFIED" selected (0 KB flash, 0 KB RAM).
Set JLink Project File to "E:\Project\Git\usb_stick\JLinkSettings.ini"
* JLink Info: Device "UNSPECIFIED" selected (0 KB flash, 0 KB RAM).
 
JLink info:
------------
DLL: V4.68a, compiled Apr 12 2013 13:26:50
Firmware: J-Link ARM V7 compiled Jun 20 2012 19:45:53
Hardware: V7.00
Feature(s) : RDI, FlashBP, FlashDL, JFlash, GDBFULL 
 
* JLink Info: Found SWD-DP with ID 0x2BA01477
* JLink Info: TPIU fitted.
* JLink Info: ETM fitted.
* JLink Info: FPUnit: 6 code (BP) slots and 2 literal slots
* JLink Info: Found Cortex-M4 r0p1, Little endian.
ROMTableAddr = 0xE00FF003
 
Target info:
------------
Device: TM4C1290NCZAD
VTarget = 3.254V
State of Pins: 
TCK: 0, TDI: 1, TDO: 0, TMS: 0, TRES: 0, TRST: 1
Hardware-Breakpoints: 6
Software-Breakpoints: 8192
Watchpoints:          4
JTAG speed: 2000 kHz
 
Erase Done.
Programming Done.
Verify OK.
Application running ...
Build target 'NAD_C358'
compiling System_Task.c...
Task\System_Task.c(270): warning:  #188-D: enumerated type mixed with another type
Task\System_Task.c(270): warning:  #188-D: enumerated type mixed with another type
Task\System_Task.c(24): warning:  #177-D: variable "protect_name" was declared but never referenced
Task\System_Task.c(36): warning:  #177-D: function "sys_audio_config_load" was declared but never referenced
Task\System_Task.c(37): warning:  #177-D: function "sys_bled_flash" was declared but never referenced
Task\System_Task.c(38): warning:  #177-D: function "power_on_timeout" was declared but never referenced
compiling usb_stick.c...
linking...
Program Size: Code=37090 RO-data=3902 RW-data=304 ZI-data=55456  
".\build\NAD_C358.axf" - 0 Errors, 6 Warning(s).
Load "E:\\Project\\Git\\usb_stick\\build\\NAD_C358.axf" 
* JLink Info: Device "UNSPECIFIED" selected (0 KB flash, 0 KB RAM).
Set JLink Project File to "E:\Project\Git\usb_stick\JLinkSettings.ini"
* JLink Info: Device "UNSPECIFIED" selected (0 KB flash, 0 KB RAM).
 
JLink info:
------------
DLL: V4.68a, compiled Apr 12 2013 13:26:50
Firmware: J-Link ARM V7 compiled Jun 20 2012 19:45:53
Hardware: V7.00
Feature(s) : RDI, FlashBP, FlashDL, JFlash, GDBFULL 
 
* JLink Info: Found SWD-DP with ID 0x2BA01477
* JLink Info: TPIU fitted.
* JLink Info: ETM fitted.
* JLink Info: FPUnit: 6 code (BP) slots and 2 literal slots
* JLink Info: Found Cortex-M4 r0p1, Little endian.
ROMTableAddr = 0xE00FF003
 
Target info:
------------
Device: TM4C1290NCZAD
VTarget = 3.254V
State of Pins: 
TCK: 0, TDI: 1, TDO: 0, TMS: 0, TRES: 0, TRST: 1
Hardware-Breakpoints: 6
Software-Breakpoints: 8192
Watchpoints:          4
JTAG speed: 2000 kHz
 
Erase Done.
Programming Done.
Verify OK.
Application running ...
Build target 'NAD_C358'
compiling usb_stick.c...
linking...
Program Size: Code=37090 RO-data=3902 RW-data=304 ZI-data=55456  
".\build\NAD_C358.axf" - 0 Errors, 0 Warning(s).
Build target 'NAD_C358'
compiling usb_stick.c...
linking...
Program Size: Code=37098 RO-data=3902 RW-data=304 ZI-data=55456  
".\build\NAD_C358.axf" - 0 Errors, 0 Warning(s).
Load "E:\\Project\\Git\\usb_stick\\build\\NAD_C358.axf" 
* JLink Info: Device "UNSPECIFIED" selected (0 KB flash, 0 KB RAM).
Set JLink Project File to "E:\Project\Git\usb_stick\JLinkSettings.ini"
* JLink Info: Device "UNSPECIFIED" selected (0 KB flash, 0 KB RAM).
 
JLink info:
------------
DLL: V4.68a, compiled Apr 12 2013 13:26:50
Firmware: J-Link ARM V7 compiled Jun 20 2012 19:45:53
Hardware: V7.00
Feature(s) : RDI, FlashBP, FlashDL, JFlash, GDBFULL 
 
* JLink Info: Found SWD-DP with ID 0x2BA01477
* JLink Info: TPIU fitted.
* JLink Info: ETM fitted.
* JLink Info: FPUnit: 6 code (BP) slots and 2 literal slots
* JLink Info: Found Cortex-M4 r0p1, Little endian.
ROMTableAddr = 0xE00FF003
 
Target info:
------------
Device: TM4C1290NCZAD
VTarget = 3.248V
State of Pins: 
TCK: 0, TDI: 1, TDO: 0, TMS: 0, TRES: 0, TRST: 1
Hardware-Breakpoints: 6
Software-Breakpoints: 8192
Watchpoints:          4
JTAG speed: 2000 kHz
 
Erase Done.
Programming Done.
Verify OK.
Application running ...
